Component: ARM Compiler 5.06 update 6 (build 750) Tool: armlink [4d35ed]

==============================================================================

Section Cross References

    stm32f1xx_hal_msp.o(i.HAL_MspInit) refers to stm32f1xx_hal_cortex.o(i.HAL_NVIC_SetPriorityGrouping) for HAL_NVIC_SetPriorityGrouping
    stm32f1xx_hal_msp.o(i.HAL_MspInit) refers to stm32f1xx_hal_cortex.o(i.HAL_NVIC_SetPriority) for HAL_NVIC_SetPriority
    stm32f1xx_hal_msp.o(i.HAL_TIM_Base_MspDeInit) refers to stm32f1xx_hal_cortex.o(i.HAL_NVIC_DisableIRQ) for HAL_NVIC_DisableIRQ
    stm32f1xx_hal_msp.o(i.HAL_UART_MspDeInit) refers to stm32f1xx_hal_gpio.o(i.HAL_GPIO_DeInit) for HAL_GPIO_DeInit
    stm32f1xx_hal_msp.o(i.HAL_UART_MspDeInit) refers to stm32f1xx_hal_cortex.o(i.HAL_NVIC_DisableIRQ) for HAL_NVIC_DisableIRQ
    stm32f1xx_hal_msp.o(i.HAL_UART_MspInit) refers to stm32f1xx_hal_gpio.o(i.HAL_GPIO_Init) for HAL_GPIO_Init
    main.o(i.MX_GPIO_Init) refers to stm32f1xx_hal_gpio.o(i.HAL_GPIO_Init) for HAL_GPIO_Init
    main.o(i.MX_TIM2_Init) refers to stm32f1xx_hal_tim.o(i.HAL_TIM_Base_Init) for HAL_TIM_Base_Init
    main.o(i.MX_TIM2_Init) refers to stm32f1xx_hal_tim.o(i.HAL_TIM_ConfigClockSource) for HAL_TIM_ConfigClockSource
    main.o(i.MX_TIM2_Init) refers to stm32f1xx_hal_tim_ex.o(i.HAL_TIMEx_MasterConfigSynchronization) for HAL_TIMEx_MasterConfigSynchronization
    main.o(i.MX_TIM2_Init) refers to main.o(.bss) for .bss
    main.o(i.SystemClock_Config) refers to stm32f1xx_hal_rcc.o(i.HAL_RCC_OscConfig) for HAL_RCC_OscConfig
    main.o(i.SystemClock_Config) refers to stm32f1xx_hal_rcc.o(i.HAL_RCC_ClockConfig) for HAL_RCC_ClockConfig
    main.o(i.SystemClock_Config) refers to stm32f1xx_hal_rcc.o(i.HAL_RCC_GetHCLKFreq) for HAL_RCC_GetHCLKFreq
    main.o(i.SystemClock_Config) refers to stm32f1xx_hal_cortex.o(i.HAL_SYSTICK_Config) for HAL_SYSTICK_Config
    main.o(i.SystemClock_Config) refers to stm32f1xx_hal_cortex.o(i.HAL_SYSTICK_CLKSourceConfig) for HAL_SYSTICK_CLKSourceConfig
    main.o(i.SystemClock_Config) refers to stm32f1xx_hal_cortex.o(i.HAL_NVIC_SetPriority) for HAL_NVIC_SetPriority
    main.o(i.key1LongPress) refers to printf8.o(i.__0printf$8) for __2printf
    main.o(i.key1LongPress) refers to gizwits_protocol.o(i.gizwitsSetMode) for gizwitsSetMode
    main.o(i.key1ShortPress) refers to printf8.o(i.__0printf$8) for __2printf
    main.o(i.key1ShortPress) refers to gizwits_protocol.o(i.gizwitsSetMode) for gizwitsSetMode
    main.o(i.key2LongPress) refers to printf8.o(i.__0printf$8) for __2printf
    main.o(i.key2LongPress) refers to hal_rgb_led.o(i.ledRgbControl) for ledRgbControl
    main.o(i.key2LongPress) refers to gizwits_protocol.o(i.gizwitsSetMode) for gizwitsSetMode
    main.o(i.key2ShortPress) refers to printf8.o(i.__0printf$8) for __2printf
    main.o(i.key2ShortPress) refers to hal_rgb_led.o(i.ledRgbControl) for ledRgbControl
    main.o(i.key2ShortPress) refers to gizwits_protocol.o(i.gizwitsSetMode) for gizwitsSetMode
    main.o(i.keyInit) refers to hal_key.o(i.keyInitOne) for keyInitOne
    main.o(i.keyInit) refers to memcpya.o(.text) for __aeabi_memcpy4
    main.o(i.keyInit) refers to hal_key.o(i.keyParaInit) for keyParaInit
    main.o(i.keyInit) refers to main.o(i.key1LongPress) for key1LongPress
    main.o(i.keyInit) refers to main.o(i.key1ShortPress) for key1ShortPress
    main.o(i.keyInit) refers to main.o(.bss) for .bss
    main.o(i.keyInit) refers to main.o(i.key2LongPress) for key2LongPress
    main.o(i.keyInit) refers to main.o(i.key2ShortPress) for key2ShortPress
    main.o(i.keyInit) refers to main.o(.data) for .data
    main.o(i.main) refers to stm32f1xx_hal.o(i.HAL_Init) for HAL_Init
    main.o(i.main) refers to main.o(i.SystemClock_Config) for SystemClock_Config
    main.o(i.main) refers to main.o(i.MX_GPIO_Init) for MX_GPIO_Init
    main.o(i.main) refers to main.o(i.MX_TIM2_Init) for MX_TIM2_Init
    main.o(i.main) refers to stm32f1xx_hal_uart.o(i.HAL_UART_Init) for HAL_UART_Init
    main.o(i.main) refers to stm32f1xx_hal_cortex.o(i.HAL_NVIC_SetPriority) for HAL_NVIC_SetPriority
    main.o(i.main) refers to stm32f1xx_hal_cortex.o(i.HAL_NVIC_EnableIRQ) for HAL_NVIC_EnableIRQ
    main.o(i.main) refers to gizwits_product.o(i.timerInit) for timerInit
    main.o(i.main) refers to gizwits_product.o(i.uartInit) for uartInit
    main.o(i.main) refers to gizwits_product.o(i.userInit) for userInit
    main.o(i.main) refers to gizwits_protocol.o(i.gizwitsInit) for gizwitsInit
    main.o(i.main) refers to main.o(i.keyInit) for keyInit
    main.o(i.main) refers to printf8.o(i.__0printf$8) for __2printf
    main.o(i.main) refers to gizwits_protocol.o(i.Pro_D2W_Ask_Module_Reboot) for Pro_D2W_Ask_Module_Reboot
    main.o(i.main) refers to gizwits_product.o(i.userHandle) for userHandle
    main.o(i.main) refers to gizwits_protocol.o(i.gizwitsHandle) for gizwitsHandle
    main.o(i.main) refers to main.o(.bss) for .bss
[...]
    ../clib/microlib/printf/printf.c         0x00000000   Number         0  printf2.o ABSOLUTE
    ../clib/microlib/printf/printf.c         0x00000000   Number         0  printf7.o ABSOLUTE
    ../clib/microlib/printf/printf.c         0x00000000   Number         0  printf6.o ABSOLUTE
    ../clib/microlib/printf/printf.c         0x00000000   Number         0  printf5.o ABSOLUTE
    ../clib/microlib/printf/stubs.s          0x00000000   Number         0  stubs.o ABSOLUTE
    ../clib/microlib/stdio/streams.c         0x00000000   Number         0  stdout.o ABSOLUTE
    ../clib/microlib/string/memcmp.c         0x00000000   Number         0  memcmp.o ABSOLUTE
    ../clib/microlib/string/memcpy.c         0x00000000   Number         0  memcpya.o ABSOLUTE
    ../clib/microlib/string/memcpy.c         0x00000000   Number         0  memcpyb.o ABSOLUTE
    ../clib/microlib/string/memset.c         0x00000000   Number         0  memseta.o ABSOLUTE
    ../clib/microlib/string/strlen.c         0x00000000   Number         0  strlen.o ABSOLUTE
    ../clib/microlib/stubs.s                 0x00000000   Number         0  iusefp.o ABSOLUTE
    ../fplib/microlib/fpadd.c                0x00000000   Number         0  dadd.o ABSOLUTE
    ../fplib/microlib/fpadd.c                0x00000000   Number         0  fadd.o ABSOLUTE
    ../fplib/microlib/fpdiv.c                0x00000000   Number         0  ddiv.o ABSOLUTE
    ../fplib/microlib/fpdiv.c                0x00000000   Number         0  fdiv.o ABSOLUTE
    ../fplib/microlib/fpepilogue.c           0x00000000   Number         0  fepilogue.o ABSOLUTE
    ../fplib/microlib/fpepilogue.c           0x00000000   Number         0  depilogue.o ABSOLUTE
    ../fplib/microlib/fpfix.c                0x00000000   Number         0  dfixul.o ABSOLUTE
    ../fplib/microlib/fpfix.c                0x00000000   Number         0  ffixui.o ABSOLUTE
    ../fplib/microlib/fpflt.c                0x00000000   Number         0  ffltui.o ABSOLUTE
    ../fplib/microlib/fpmul.c                0x00000000   Number         0  dmul.o ABSOLUTE
    ../fplib/microlib/fpmul.c                0x00000000   Number         0  fmul.o ABSOLUTE
    ..\Drivers\STM32F1xx_HAL_Driver\Src\stm32f1xx_hal.c 0x00000000   Number         0  stm32f1xx_hal.o ABSOLUTE
    ..\Drivers\STM32F1xx_HAL_Driver\Src\stm32f1xx_hal_cortex.c 0x00000000   Number         0  stm32f1xx_hal_cortex.o ABSOLUTE
    ..\Drivers\STM32F1xx_HAL_Driver\Src\stm32f1xx_hal_dma.c 0x00000000   Number         0  stm32f1xx_hal_dma.o ABSOLUTE
    ..\Drivers\STM32F1xx_HAL_Driver\Src\stm32f1xx_hal_flash.c 0x00000000   Number         0  stm32f1xx_hal_flash.o ABSOLUTE
    ..\Drivers\STM32F1xx_HAL_Driver\Src\stm32f1xx_hal_flash_ex.c 0x00000000   Number         0  stm32f1xx_hal_flash_ex.o ABSOLUTE
    ..\Drivers\STM32F1xx_HAL_Driver\Src\stm32f1xx_hal_gpio.c 0x00000000   Number         0  stm32f1xx_hal_gpio.o ABSOLUTE
    ..\Drivers\STM32F1xx_HAL_Driver\Src\stm32f1xx_hal_gpio_ex.c 0x00000000   Number         0  stm32f1xx_hal_gpio_ex.o ABSOLUTE
    ..\Drivers\STM32F1xx_HAL_Driver\Src\stm32f1xx_hal_pwr.c 0x00000000   Number         0  stm32f1xx_hal_pwr.o ABSOLUTE
    ..\Drivers\STM32F1xx_HAL_Driver\Src\stm32f1xx_hal_rcc.c 0x00000000   Number         0  stm32f1xx_hal_rcc.o ABSOLUTE
    ..\Drivers\STM32F1xx_HAL_Driver\Src\stm32f1xx_hal_rcc_ex.c 0x00000000   Number         0  stm32f1xx_hal_rcc_ex.o ABSOLUTE
    ..\Drivers\STM32F1xx_HAL_Driver\Src\stm32f1xx_hal_tim.c 0x00000000   Number         0  stm32f1xx_hal_tim.o ABSOLUTE
    ..\Drivers\STM32F1xx_HAL_Driver\Src\stm32f1xx_hal_tim_ex.c 0x00000000   Number         0  stm32f1xx_hal_tim_ex.o ABSOLUTE
    ..\Drivers\STM32F1xx_HAL_Driver\Src\stm32f1xx_hal_uart.c 0x00000000   Number         0  stm32f1xx_hal_uart.o ABSOLUTE
    ..\Gizwits\gizwits_product.c             0x00000000   Number         0  gizwits_product.o ABSOLUTE
    ..\Gizwits\gizwits_protocol.c            0x00000000   Number         0  gizwits_protocol.o ABSOLUTE
    ..\Hal\Flash.c                           0x00000000   Number         0  flash.o ABSOLUTE
    ..\Hal\hal_key.c                         0x00000000   Number         0  hal_key.o ABSOLUTE
    ..\Hal\hal_rgb_led.c                     0x00000000   Number         0  hal_rgb_led.o ABSOLUTE
    ..\Src\main.c                            0x00000000   Number         0  main.o ABSOLUTE
    ..\Src\md5\gagent_md5.c                  0x00000000   Number         0  gagent_md5.o ABSOLUTE
    ..\Src\stm32f1xx_hal_msp.c               0x00000000   Number         0  stm32f1xx_hal_msp.o ABSOLUTE
    ..\Src\stm32f1xx_it.c                    0x00000000   Number         0  stm32f1xx_it.o ABSOLUTE
    ..\Src\system_stm32f1xx.c                0x00000000   Number         0  system_stm32f1xx.o ABSOLUTE
    ..\Utils\common.c                        0x00000000   Number         0  common.o ABSOLUTE
    ..\Utils\dataPointTools.c                0x00000000   Number         0  datapointtools.o ABSOLUTE
    ..\Utils\ringbuffer.c                    0x00000000   Number         0  ringbuffer.o ABSOLUTE
    ..\\Gizwits\\gizwits_product.c           0x00000000   Number         0  gizwits_product.o ABSOLUTE
    ..\\Gizwits\\gizwits_protocol.c          0x00000000   Number         0  gizwits_protocol.o ABSOLUTE
    ..\\Hal\\Flash.c                         0x00000000   Number         0  flash.o ABSOLUTE
    ..\\Hal\\hal_key.c                       0x00000000   Number         0  hal_key.o ABSOLUTE
    ..\\Hal\\hal_rgb_led.c                   0x00000000   Number         0  hal_rgb_led.o ABSOLUTE
    cdrcmple.s                               0x00000000   Number         0  cdrcmple.o ABSOLUTE
    dc.s                                     0x00000000   Number         0  dc.o ABSOLUTE
    handlers.s                               0x00000000   Number         0  handlers.o ABSOLUTE
    init.s                                   0x00000000   Number         0  init.o ABSOLUTE
    startup_stm32f103xb.s                    0x00000000   Number         0  startup_stm32f103xb.o ABSOLUTE
    RESET                                    0x08003000   Section      236  startup_stm32f103xb.o(RESET)
    .ARM.Collect$$$$00000000                 0x080030ec   Section        0  entry.o(.ARM.Collect$$$$00000000)
    .ARM.Collect$$$$00000001                 0x080030ec   Section        4  entry2.o(.ARM.Collect$$$$00000001)
    .ARM.Collect$$$$00000004                 0x080030f0   Section        4  entry5.o(.ARM.Collect$$$$00000004)
    .ARM.Collect$$$$00000008                 0x080030f4   Section        0  entry7b.o(.ARM.Collect$$$$00000008)
    .ARM.Collect$$$$0000000A                 0x080030f4   Section        0  entry8b.o(.ARM.Collect$$$$0000000A)
    .ARM.Collect$$$$0000000B                 0x080030f4   Section        8  entry9a.o(.ARM.Collect$$$$0000000B)
    .ARM.Collect$$$$0000000D                 0x080030fc   Section        0  entry10a.o(.ARM.Collect$$$$0000000D)
    .ARM.Collect$$$$0000000F                 0x080030fc   Section        0  entry11a.o(.ARM.Collect$$$$0000000F)
    .ARM.Collect$$$$00002712                 0x080030fc   Section        4  entry2.o(.ARM.Collect$$$$00002712)
    __lit__00000000                          0x080030fc   Data           4  entry2.o(.ARM.Collect$$$$00002712)
    .text                                    0x08003100   Section       36  startup_stm32f103xb.o(.text)
    .text                                    0x08003124   Section        0  llushr.o(.text)
    .text                                    0x08003144   Section        0  memcpya.o(.text)
    .text                                    0x08003168   Section        0  memseta.o(.text)
    .text                                    0x0800318c   Section        0  memcmp.o(.text)
    .text                                    0x080031a6   Section        0  uldiv.o(.text)
    .text                                    0x08003208   Section       36  init.o(.text)
    .text                                    0x0800322c   Section        0  llshl.o(.text)
    i.BusFault_Handler                       0x0800324a   Section        0  stm32f1xx_it.o(i.BusFault_Handler)
    i.DebugMon_Handler                       0x0800324c   Section        0  stm32f1xx_it.o(i.DebugMon_Handler)
    i.FLASH_MassErase                        0x08003250   Section        0  stm32f1xx_hal_flash_ex.o(i.FLASH_MassErase)
    FLASH_MassErase                          0x08003251   Thumb Code    26  stm32f1xx_hal_flash_ex.o(i.FLASH_MassErase)
    i.FLASH_PageErase                        0x08003274   Section        0  stm32f1xx_hal_flash_ex.o(i.FLASH_PageErase)
    i.FLASH_Program_HalfWord                 0x08003298   Section        0  stm32f1xx_hal_flash.o(i.FLASH_Program_HalfWord)
    FLASH_Program_HalfWord                   0x08003299   Thumb Code    20  stm32f1xx_hal_flash.o(i.FLASH_Program_HalfWord)
    i.FLASH_SetErrorCode                     0x080032b4   Section        0  stm32f1xx_hal_flash.o(i.FLASH_SetErrorCode)
    FLASH_SetErrorCode                       0x080032b5   Thumb Code    84  stm32f1xx_hal_flash.o(i.FLASH_SetErrorCode)
    i.FLASH_WaitForLastOperation             0x08003310   Section        0  stm32f1xx_hal_flash.o(i.FLASH_WaitForLastOperation)
    i.GAgent_MD5Decode                       0x08003364   Section        0  gagent_md5.o(i.GAgent_MD5Decode)
    i.GAgent_MD5Encode                       0x08003384   Section        0  gagent_md5.o(i.GAgent_MD5Encode)
    i.GAgent_MD5Final                        0x080033b8   Section        0  gagent_md5.o(i.GAgent_MD5Final)
    i.GAgent_MD5Init                         0x08003404   Section        0  gagent_md5.o(i.GAgent_MD5Init)
    i.GAgent_MD5Transform                    0x08003428   Section        0  gagent_md5.o(i.GAgent_MD5Transform)
    i.GAgent_MD5Update                       0x08003ae4   Section        0  gagent_md5.o(i.GAgent_MD5Update)
    i.HAL_DMA_Abort_IT                       0x08003b5c   Section        0  stm32f1xx_hal_dma.o(i.HAL_DMA_Abort_IT)
    i.HAL_FLASHEx_Erase                      0x08003bf4   Section        0  stm32f1xx_hal_flash_ex.o(i.HAL_FLASHEx_Erase)
    i.HAL_FLASH_Lock                         0x08003c9c   Section        0  stm32f1xx_hal_flash.o(i.HAL_FLASH_Lock)
    i.HAL_FLASH_Program                      0x08003cb0   Section        0  stm32f1xx_hal_flash.o(i.HAL_FLASH_Program)
    i.HAL_FLASH_Unlock                       0x08003d30   Section        0  stm32f1xx_hal_flash.o(i.HAL_FLASH_Unlock)
    i.HAL_GPIO_Init                          0x08003d54   Section        0  stm32f1xx_hal_gpio.o(i.HAL_GPIO_Init)
    i.HAL_GPIO_ReadPin                       0x08003f10   Section        0  stm32f1xx_hal_gpio.o(i.HAL_GPIO_ReadPin)
    i.HAL_GPIO_WritePin                      0x08003f1a   Section        0  stm32f1xx_hal_gpio.o(i.HAL_GPIO_WritePin)
    i.HAL_GetTick                            0x08003f24   Section        0  stm32f1xx_hal.o(i.HAL_GetTick)
    i.HAL_IncTick                            0x08003f30   Section        0  stm32f1xx_hal.o(i.HAL_IncTick)
    i.HAL_Init                               0x08003f40   Section        0  stm32f1xx_hal.o(i.HAL_Init)
    i.HAL_InitTick                           0x08003f64   Section        0  stm32f1xx_hal.o(i.HAL_InitTick)
    i.HAL_MspInit                            0x08003f8c   Section        0  stm32f1xx_hal_msp.o(i.HAL_MspInit)
    i.HAL_NVIC_EnableIRQ                     0x08004010   Section        0  stm32f1xx_hal_cortex.o(i.HAL_NVIC_EnableIRQ)
    i.HAL_NVIC_SetPriority                   0x08004028   Section        0  stm32f1xx_hal_cortex.o(i.HAL_NVIC_SetPriority)
    i.HAL_NVIC_SetPriorityGrouping           0x08004068   Section        0  stm32f1xx_hal_cortex.o(i.HAL_NVIC_SetPriorityGrouping)
    i.HAL_NVIC_SystemReset                   0x0800408c   Section        0  stm32f1xx_hal_cortex.o(i.HAL_NVIC_SystemReset)
    i.HAL_RCC_ClockConfig                    0x080040b0   Section        0  stm32f1xx_hal_rcc.o(i.HAL_RCC_ClockConfig)
    i.HAL_RCC_GetHCLKFreq                    0x08004204   Section        0  stm32f1xx_hal_rcc.o(i.HAL_RCC_GetHCLKFreq)
    i.HAL_RCC_GetPCLK1Freq                   0x08004210   Section        0  stm32f1xx_hal_rcc.o(i.HAL_RCC_GetPCLK1Freq)
    i.HAL_RCC_GetPCLK2Freq                   0x08004230   Section        0  stm32f1xx_hal_rcc.o(i.HAL_RCC_GetPCLK2Freq)
    i.HAL_RCC_GetSysClockFreq                0x08004250   Section        0  stm32f1xx_hal_rcc.o(i.HAL_RCC_GetSysClockFreq)
    i.HAL_RCC_OscConfig                      0x080042bc   Section        0  stm32f1xx_hal_rcc.o(i.HAL_RCC_OscConfig)
    i.HAL_SYSTICK_CLKSourceConfig            0x080045c0   Section        0  stm32f1xx_hal_cortex.o(i.HAL_SYSTICK_CLKSourceConfig)
    i.HAL_SYSTICK_Callback                   0x080045d8   Section        0  stm32f1xx_hal_cortex.o(i.HAL_SYSTICK_Callback)
    i.HAL_SYSTICK_Config                     0x080045da   Section        0  stm32f1xx_hal_cortex.o(i.HAL_SYSTICK_Config)
    i.HAL_SYSTICK_IRQHandler                 0x08004602   Section        0  stm32f1xx_hal_cortex.o(i.HAL_SYSTICK_IRQHandler)
    i.HAL_TIMEx_BreakCallback                0x0800460a   Section        0  stm32f1xx_hal_tim_ex.o(i.HAL_TIMEx_BreakCallback)
    i.HAL_TIMEx_CommutationCallback          0x0800460c   Section        0  stm32f1xx_hal_tim_ex.o(i.HAL_TIMEx_CommutationCallback)
    i.HAL_TIMEx_MasterConfigSynchronization  0x0800460e   Section        0  stm32f1xx_hal_tim_ex.o(i.HAL_TIMEx_MasterConfigSynchronization)
    i.HAL_TIM_Base_Init                      0x0800465e   Section        0  stm32f1xx_hal_tim.o(i.HAL_TIM_Base_Init)
    i.HAL_TIM_Base_MspInit                   0x08004694   Section        0  stm32f1xx_hal_msp.o(i.HAL_TIM_Base_MspInit)
    i.HAL_TIM_Base_Start_IT                  0x080046b8   Section        0  stm32f1xx_hal_tim.o(i.HAL_TIM_Base_Start_IT)
    i.HAL_TIM_ConfigClockSource              0x080046d0   Section        0  stm32f1xx_hal_tim.o(i.HAL_TIM_ConfigClockSource)
    i.HAL_TIM_IC_CaptureCallback             0x080047c2   Section        0  stm32f1xx_hal_tim.o(i.HAL_TIM_IC_CaptureCallback)
    i.HAL_TIM_IRQHandler                     0x080047c4   Section        0  stm32f1xx_hal_tim.o(i.HAL_TIM_IRQHandler)
    i.HAL_TIM_OC_DelayElapsedCallback        0x0800492a   Section        0  stm32f1xx_hal_tim.o(i.HAL_TIM_OC_DelayElapsedCallback)
    i.HAL_TIM_PWM_PulseFinishedCallback      0x0800492c   Section        0  stm32f1xx_hal_tim.o(i.HAL_TIM_PWM_PulseFinishedCallback)
    i.HAL_TIM_PeriodElapsedCallback          0x08004930   Section        0  gizwits_product.o(i.HAL_TIM_PeriodElapsedCallback)
    i.HAL_TIM_TriggerCallback                0x08004950   Section        0  stm32f1xx_hal_tim.o(i.HAL_TIM_TriggerCallback)
    i.HAL_UART_ErrorCallback                 0x08004952   Section        0  stm32f1xx_hal_uart.o(i.HAL_UART_ErrorCallback)
    i.HAL_UART_IRQHandler                    0x08004954   Section        0  stm32f1xx_hal_uart.o(i.HAL_UART_IRQHandler)
    i.HAL_UART_Init                          0x08004a64   Section        0  stm32f1xx_hal_uart.o(i.HAL_UART_Init)
    i.HAL_UART_MspInit                       0x08004ac8   Section        0  stm32f1xx_hal_msp.o(i.HAL_UART_MspInit)
    i.HAL_UART_Receive_IT                    0x08004b4c   Section        0  stm32f1xx_hal_uart.o(i.HAL_UART_Receive_IT)
    i.HAL_UART_RxCpltCallback                0x08004ba0   Section        0  gizwits_product.o(i.HAL_UART_RxCpltCallback)
    i.HAL_UART_Transmit                      0x08004bd0   Section        0  stm32f1xx_hal_uart.o(i.HAL_UART_Transmit)
    i.HAL_UART_Transmit_IT                   0x08004c8a   Section        0  stm32f1xx_hal_uart.o(i.HAL_UART_Transmit_IT)
    i.HAL_UART_TxCpltCallback                0x08004cc8   Section        0  stm32f1xx_hal_uart.o(i.HAL_UART_TxCpltCallback)
    i.HardFault_Handler                      0x08004cca   Section        0  stm32f1xx_it.o(i.HardFault_Handler)
    i.MX_GPIO_Init                           0x08004ccc   Section        0  main.o(i.MX_GPIO_Init)
    MX_GPIO_Init                             0x08004ccd   Thumb Code    96  main.o(i.MX_GPIO_Init)
    i.MX_TIM2_Init                           0x08004d38   Section        0  main.o(i.MX_TIM2_Init)
    MX_TIM2_Init                             0x08004d39   Thumb Code    78  main.o(i.MX_TIM2_Init)
    i.MemManage_Handler                      0x08004d8c   Section        0  stm32f1xx_it.o(i.MemManage_Handler)
    i.NMI_Handler                            0x08004d8e   Section        0  stm32f1xx_it.o(i.NMI_Handler)
    i.NVIC_SetPriority                       0x08004d90   Section        0  stm32f1xx_hal_cortex.o(i.NVIC_SetPriority)
    NVIC_SetPriority                         0x08004d91   Thumb Code    32  stm32f1xx_hal_cortex.o(i.NVIC_SetPriority)
    i.PendSV_Handler                         0x08004db0   Section        0  stm32f1xx_it.o(i.PendSV_Handler)
    i.Pro_D2W_Ask_Module_Reboot              0x08004db4   Section        0  gizwits_protocol.o(i.Pro_D2W_Ask_Module_Reboot)
    i.Pro_D2W_UpdateReady                    0x08004e30   Section        0  gizwits_protocol.o(i.Pro_D2W_UpdateReady)
    i.Pro_D2W_UpdateSuspend                  0x08004f20   Section        0  gizwits_protocol.o(i.Pro_D2W_UpdateSuspend)
    i.Pro_W2D_UpdateCmdHandle                0x08004f9c   Section        0  gizwits_protocol.o(i.Pro_W2D_UpdateCmdHandle)
    i.Pro_W2D_UpdateDataHandle               0x08005188   Section        0  gizwits_protocol.o(i.Pro_W2D_UpdateDataHandle)
    i.SVC_Handler                            0x08005384   Section        0  stm32f1xx_it.o(i.SVC_Handler)
    i.SysTick_Handler                        0x08005386   Section        0  stm32f1xx_it.o(i.SysTick_Handler)
    i.SystemClock_Config                     0x08005394   Section        0  main.o(i.SystemClock_Config)
    i.SystemInit                             0x080053fc   Section        0  system_stm32f1xx.o(i.SystemInit)
    i.TIM2_IRQHandler                        0x08005448   Section        0  stm32f1xx_it.o(i.TIM2_IRQHandler)
    i.TIM_Base_SetConfig                     0x08005454   Section        0  stm32f1xx_hal_tim.o(i.TIM_Base_SetConfig)
    i.TIM_ETR_SetConfig                      0x080054c0   Section        0  stm32f1xx_hal_tim.o(i.TIM_ETR_SetConfig)
    TIM_ETR_SetConfig                        0x080054c1   Thumb Code    20  stm32f1xx_hal_tim.o(i.TIM_ETR_SetConfig)
    i.TIM_ITRx_SetConfig                     0x080054d4   Section        0  stm32f1xx_hal_tim.o(i.TIM_ITRx_SetConfig)
    TIM_ITRx_SetConfig                       0x080054d5   Thumb Code    16  stm32f1xx_hal_tim.o(i.TIM_ITRx_SetConfig)
    i.TIM_TI1_ConfigInputStage               0x080054e4   Section        0  stm32f1xx_hal_tim.o(i.TIM_TI1_ConfigInputStage)
    TIM_TI1_ConfigInputStage                 0x080054e5   Thumb Code    34  stm32f1xx_hal_tim.o(i.TIM_TI1_ConfigInputStage)
    i.TIM_TI2_ConfigInputStage               0x08005506   Section        0  stm32f1xx_hal_tim.o(i.TIM_TI2_ConfigInputStage)
    TIM_TI2_ConfigInputStage                 0x08005507   Thumb Code    36  stm32f1xx_hal_tim.o(i.TIM_TI2_ConfigInputStage)
    i.UART_DMAAbortOnError                   0x0800552a   Section        0  stm32f1xx_hal_uart.o(i.UART_DMAAbortOnError)
    UART_DMAAbortOnError                     0x0800552b   Thumb Code    16  stm32f1xx_hal_uart.o(i.UART_DMAAbortOnError)
    i.UART_EndRxTransfer                     0x0800553a   Section        0  stm32f1xx_hal_uart.o(i.UART_EndRxTransfer)
    UART_EndRxTransfer                       0x0800553b   Thumb Code    28  stm32f1xx_hal_uart.o(i.UART_EndRxTransfer)
    i.UART_Receive_IT                        0x08005556   Section        0  stm32f1xx_hal_uart.o(i.UART_Receive_IT)
    UART_Receive_IT                          0x08005557   Thumb Code   150  stm32f1xx_hal_uart.o(i.UART_Receive_IT)
    i.UART_SetConfig                         0x080055ec   Section        0  stm32f1xx_hal_uart.o(i.UART_SetConfig)
    UART_SetConfig                           0x080055ed   Thumb Code   364  stm32f1xx_hal_uart.o(i.UART_SetConfig)
    i.UART_Transmit_IT                       0x0800575c   Section        0  stm32f1xx_hal_uart.o(i.UART_Transmit_IT)
    UART_Transmit_IT                         0x0800575d   Thumb Code    98  stm32f1xx_hal_uart.o(i.UART_Transmit_IT)
    i.UART_WaitOnFlagUntilTimeout            0x080057be   Section        0  stm32f1xx_hal_uart.o(i.UART_WaitOnFlagUntilTimeout)
    UART_WaitOnFlagUntilTimeout              0x080057bf   Thumb Code   100  stm32f1xx_hal_uart.o(i.UART_WaitOnFlagUntilTimeout)
    i.USART2_IRQHandler                      0x08005824   Section        0  stm32f1xx_it.o(i.USART2_IRQHandler)
    i.UsageFault_Handler                     0x08005830   Section        0  stm32f1xx_it.o(i.UsageFault_Handler)
    i.__0printf$8                            0x08005834   Section        0  printf8.o(i.__0printf$8)
    i.__scatterload_copy                     0x08005854   Section       14  handlers.o(i.__scatterload_copy)
    i.__scatterload_null                     0x08005862   Section        2  handlers.o(i.__scatterload_null)
    i.__scatterload_zeroinit                 0x08005864   Section       14  handlers.o(i.__scatterload_zeroinit)
    i._printf_core                           0x08005874   Section        0  printf8.o(i._printf_core)
    _printf_core                             0x08005875   Thumb Code   996  printf8.o(i._printf_core)
    i._printf_post_padding                   0x08005c84   Section        0  printf8.o(i._printf_post_padding)
    _printf_post_padding                     0x08005c85   Thumb Code    36  printf8.o(i._printf_post_padding)
    i._printf_pre_padding                    0x08005ca8   Section        0  printf8.o(i._printf_pre_padding)
    _printf_pre_padding                      0x08005ca9   Thumb Code    46  printf8.o(i._printf_pre_padding)
    i.char2hex                               0x08005cd6   Section        0  common.o(i.char2hex)
    i.clkProduce                             0x08005d2c   Section        0  hal_rgb_led.o(i.clkProduce)
    i.datSend                                0x08005d5c   Section        0  hal_rgb_led.o(i.datSend)
    i.dataDealWithAndSend                    0x08005d94   Section        0  hal_rgb_led.o(i.dataDealWithAndSend)
    i.exchangeBytes                          0x08005dcc   Section        0  common.o(i.exchangeBytes)
    i.exchangeWord                           0x08005ddc   Section        0  common.o(i.exchangeWord)
    i.flash_erase                            0x08005de0   Section        0  flash.o(i.flash_erase)
    i.flash_erase_page                       0x08005e10   Section        0  flash.o(i.flash_erase_page)
    i.fputc                                  0x08005e3c   Section        0  gizwits_product.o(i.fputc)
    i.getKey                                 0x08005e54   Section        0  hal_key.o(i.getKey)
    i.gizAcrossByteJudge                     0x08005eac   Section        0  datapointtools.o(i.gizAcrossByteJudge)
    i.gizByteOrderExchange                   0x08005eca   Section        0  datapointtools.o(i.gizByteOrderExchange)
    i.gizCheckReport                         0x08005ef0   Section        0  gizwits_protocol.o(i.gizCheckReport)
    gizCheckReport                           0x08005ef1   Thumb Code   106  gizwits_protocol.o(i.gizCheckReport)
    i.gizDataPoint2Event                     0x08005fd8   Section        0  gizwits_protocol.o(i.gizDataPoint2Event)
    gizDataPoint2Event                       0x08005fd9   Thumb Code   174  gizwits_protocol.o(i.gizDataPoint2Event)
    i.gizDataPoints2ReportData               0x080060b4   Section        0  gizwits_protocol.o(i.gizDataPoints2ReportData)
    gizDataPoints2ReportData                 0x080060b5   Thumb Code    92  gizwits_protocol.o(i.gizDataPoints2ReportData)
    i.gizDevReportPolicy                     0x08006140   Section        0  gizwits_protocol.o(i.gizDevReportPolicy)
    gizDevReportPolicy                       0x08006141   Thumb Code   130  gizwits_protocol.o(i.gizDevReportPolicy)
    i.gizGetTimerCount                       0x08006200   Section        0  gizwits_product.o(i.gizGetTimerCount)
    i.gizProtocolAckHandle                   0x0800620c   Section        0  gizwits_protocol.o(i.gizProtocolAckHandle)
    gizProtocolAckHandle                     0x0800620d   Thumb Code    84  gizwits_protocol.o(i.gizProtocolAckHandle)
    i.gizProtocolCommonAck                   0x08006290   Section        0  gizwits_protocol.o(i.gizProtocolCommonAck)
    gizProtocolCommonAck                     0x08006291   Thumb Code    80  gizwits_protocol.o(i.gizProtocolCommonAck)
    i.gizProtocolErrorCmd                    0x08006328   Section        0  gizwits_protocol.o(i.gizProtocolErrorCmd)
    gizProtocolErrorCmd                      0x08006329   Thumb Code    88  gizwits_protocol.o(i.gizProtocolErrorCmd)
    i.gizProtocolGetDeviceInfo               0x080063c8   Section        0  gizwits_protocol.o(i.gizProtocolGetDeviceInfo)
    gizProtocolGetDeviceInfo                 0x080063c9   Thumb Code   180  gizwits_protocol.o(i.gizProtocolGetDeviceInfo)
    i.gizProtocolGetOnePacket                0x08006540   Section        0  gizwits_protocol.o(i.gizProtocolGetOnePacket)
    gizProtocolGetOnePacket                  0x08006541   Thumb Code   298  gizwits_protocol.o(i.gizProtocolGetOnePacket)
    i.gizProtocolHeadInit                    0x080066a0   Section        0  gizwits_protocol.o(i.gizProtocolHeadInit)
    gizProtocolHeadInit                      0x080066a1   Thumb Code    32  gizwits_protocol.o(i.gizProtocolHeadInit)
    i.gizProtocolIssuedDataAck               0x080066ec   Section        0  gizwits_protocol.o(i.gizProtocolIssuedDataAck)
    gizProtocolIssuedDataAck                 0x080066ed   Thumb Code   202  gizwits_protocol.o(i.gizProtocolIssuedDataAck)
    i.gizProtocolIssuedProcess               0x08006810   Section        0  gizwits_protocol.o(i.gizProtocolIssuedProcess)
    gizProtocolIssuedProcess                 0x08006811   Thumb Code   188  gizwits_protocol.o(i.gizProtocolIssuedProcess)
    i.gizProtocolModuleStatus                0x08006908   Section        0  gizwits_protocol.o(i.gizProtocolModuleStatus)
    gizProtocolModuleStatus                  0x08006909   Thumb Code   578  gizwits_protocol.o(i.gizProtocolModuleStatus)
    i.gizProtocolNTP                         0x08006d20   Section        0  gizwits_protocol.o(i.gizProtocolNTP)
    gizProtocolNTP                           0x08006d21   Thumb Code    94  gizwits_protocol.o(i.gizProtocolNTP)
    i.gizProtocolResendData                  0x08006d98   Section        0  gizwits_protocol.o(i.gizProtocolResendData)
    gizProtocolResendData                    0x08006d99   Thumb Code    54  gizwits_protocol.o(i.gizProtocolResendData)
    i.gizProtocolSum                         0x08006e0c   Section        0  common.o(i.gizProtocolSum)
    i.gizProtocolWaitAck                     0x08006e30   Section        0  gizwits_protocol.o(i.gizProtocolWaitAck)
    gizProtocolWaitAck                       0x08006e31   Thumb Code    66  gizwits_protocol.o(i.gizProtocolWaitAck)
    i.gizProtocolWaitAckCheck                0x08006e94   Section        0  gizwits_protocol.o(i.gizProtocolWaitAckCheck)
    gizProtocolWaitAckCheck                  0x08006e95   Thumb Code    44  gizwits_protocol.o(i.gizProtocolWaitAckCheck)
    i.gizPutData                             0x08006edc   Section        0  gizwits_protocol.o(i.gizPutData)
    i.gizReportData                          0x08006f44   Section        0  gizwits_protocol.o(i.gizReportData)
    gizReportData                            0x08006f45   Thumb Code   128  gizwits_protocol.o(i.gizReportData)
    i.gizStandardCompressValue               0x0800700c   Section        0  datapointtools.o(i.gizStandardCompressValue)
    i.gizStandardDecompressionValue          0x0800705c   Section        0  datapointtools.o(i.gizStandardDecompressionValue)
    i.gizTimerMs                             0x080070e0   Section        0  gizwits_product.o(i.gizTimerMs)
    i.gizX2Y                                 0x080070f0   Section        0  datapointtools.o(i.gizX2Y)
    i.gizY2X                                 0x080070f6   Section        0  datapointtools.o(i.gizY2X)
    i.gizwitsEventProcess                    0x08007100   Section        0  gizwits_product.o(i.gizwitsEventProcess)
    i.gizwitsHandle                          0x080072c0   Section        0  gizwits_protocol.o(i.gizwitsHandle)
    i.gizwitsInit                            0x0800775c   Section        0  gizwits_protocol.o(i.gizwitsInit)
    i.gizwitsSetMode                         0x080077bc   Section        0  gizwits_protocol.o(i.gizwitsSetMode)
    i.key1LongPress                          0x080078cc   Section        0  main.o(i.key1LongPress)
    i.key1ShortPress                         0x08007900   Section        0  main.o(i.key1ShortPress)
    i.key2LongPress                          0x08007934   Section        0  main.o(i.key2LongPress)
    i.key2ShortPress                         0x08007970   Section        0  main.o(i.key2ShortPress)
    i.keyHandle                              0x080079a8   Section        0  hal_key.o(i.keyHandle)
    i.keyInit                                0x08007a28   Section        0  main.o(i.keyInit)
    i.keyInitOne                             0x08007aa4   Section        0  hal_key.o(i.keyInitOne)
    i.keyParaInit                            0x08007ae4   Section        0  hal_key.o(i.keyParaInit)
    i.ledDelay                               0x08007afc   Section        0  hal_rgb_led.o(i.ledDelay)
    i.ledRgbControl                          0x08007b0c   Section        0  hal_rgb_led.o(i.ledRgbControl)
    i.main                                   0x08007b40   Section        0  main.o(i.main)
    i.mcuRestart                             0x08007c40   Section        0  gizwits_product.o(i.mcuRestart)
    i.rbCanRead                              0x08007c4a   Section        0  ringbuffer.o(i.rbCanRead)
    i.rbCanWrite                             0x08007c7c   Section        0  ringbuffer.o(i.rbCanWrite)
    i.rbCapacity                             0x08007c98   Section        0  ringbuffer.o(i.rbCapacity)
    i.rbCreate                               0x08007ca4   Section        0  ringbuffer.o(i.rbCreate)
    i.rbRead                                 0x08007cb6   Section        0  ringbuffer.o(i.rbRead)
    i.rbWrite                                0x08007d34   Section        0  ringbuffer.o(i.rbWrite)
    i.readKeyValue                           0x08007dc4   Section        0  hal_key.o(i.readKeyValue)
    i.rgbKeyGpioInit                         0x08007e4c   Section        0  hal_rgb_led.o(i.rgbKeyGpioInit)
    i.rgbLedInit                             0x08007e80   Section        0  hal_rgb_led.o(i.rgbLedInit)
    i.send32Zero                             0x08007ed0   Section        0  hal_rgb_led.o(i.send32Zero)
    i.takeAntiCode                           0x08007ef4   Section        0  hal_rgb_led.o(i.takeAntiCode)
    i.timerInit                              0x08007efc   Section        0  gizwits_product.o(i.timerInit)
    i.uartInit                               0x08007f08   Section        0  gizwits_product.o(i.uartInit)
    i.uartWrite                              0x08007f1c   Section        0  gizwits_product.o(i.uartWrite)
    i.userHandle                             0x08007fd4   Section        0  gizwits_product.o(i.userHandle)
    i.userInit                               0x08007fd8   Section        0  gizwits_product.o(i.userInit)
    i.wFlashData                             0x08007ff4   Section        0  flash.o(i.wFlashData)
    i.writeFlash                             0x0800802c   Section        0  flash.o(i.writeFlash)
    .constdata                               0x0800807c   Section       16  system_stm32f1xx.o(.constdata)
    .constdata                               0x0800808c   Section        8  system_stm32f1xx.o(.constdata)
    .conststring                             0x08008094   Section      145  gizwits_protocol.o(.conststring)
    .data                                    0x20000000   Section        5  main.o(.data)
    .data                                    0x20000005   Section       64  gagent_md5.o(.data)
    .data                                    0x20000048   Section        8  gizwits_product.o(.data)
    timerMsCount                             0x2000004c   Data           4  gizwits_product.o(.data)
    .data                                    0x20000050   Section       12  gizwits_protocol.o(.data)
    protocolFlag                             0x20000050   Data           1  gizwits_protocol.o(.data)
    lastData                                 0x20000051   Data           1  gizwits_protocol.o(.data)
    debugCount                               0x20000052   Data           1  gizwits_protocol.o(.data)
    protocolCount                            0x20000054   Data           2  gizwits_protocol.o(.data)
    lastStatus                               0x20000056   Data           2  gizwits_protocol.o(.data)
    lastRepTime                              0x20000058   Data           4  gizwits_protocol.o(.data)
    .data                                    0x2000005c   Section       10  hal_key.o(.data)
    keyTotolNum                              0x2000005c   Data           1  hal_key.o(.data)
    keyCheck                                 0x2000005d   Data           1  hal_key.o(.data)
    keyState                                 0x2000005e   Data           1  hal_key.o(.data)
    key_total                                0x2000005f   Data           1  hal_key.o(.data)
    keyLongCheck                             0x20000062   Data           2  hal_key.o(.data)
    keyPrev                                  0x20000064   Data           2  hal_key.o(.data)
    .data                                    0x20000068   Section        8  flash.o(.data)
    .data                                    0x20000070   Section        4  stm32f1xx_hal.o(.data)
    .data                                    0x20000074   Section        4  system_stm32f1xx.o(.data)
    .data                                    0x20000078   Section        4  stdout.o(.data)
    .bss                                     0x2000007c   Section      234  main.o(.bss)
    .bss                                     0x20000166   Section       13  gizwits_product.o(.bss)
    .bss                                     0x20000174   Section     3956  gizwits_protocol.o(.bss)
    rbBuf                                    0x20000d64   Data         900  gizwits_protocol.o(.bss)
    .bss                                     0x200010e8   Section       32  stm32f1xx_hal_flash.o(.bss)
    STACK                                    0x20001108   Section     8192  startup_stm32f103xb.o(STACK)

    Global Symbols

    Symbol Name                              Value     Ov Type        Size  Object(Section)

    BuildAttributes$$THM_ISAv4$P$D$K$B$S$PE$A:L22UL41UL21$X:L11$S22US41US21$IEEE1$IW$USESV6$~STKCKD$USESV7$~SHL$OTIME$ROPI$EBA8$MICROLIB$REQ8$PRES8$EABIv2 0x00000000   Number         0  anon$$obj.o ABSOLUTE
    __ARM_use_no_argv                        0x00000000   Number         0  main.o ABSOLUTE
    _printf_a                                0x00000000   Number         0  stubs.o ABSOLUTE
    _printf_c                                0x00000000   Number         0  stubs.o ABSOLUTE
    _printf_charcount                        0x00000000   Number         0  stubs.o ABSOLUTE
    _printf_d                                0x00000000   Number         0  stubs.o ABSOLUTE
    _printf_e                                0x00000000   Number         0  stubs.o ABSOLUTE
    _printf_f                                0x00000000   Number         0  stubs.o ABSOLUTE
    _printf_flags                            0x00000000   Number         0  stubs.o ABSOLUTE
    _printf_fp_dec                           0x00000000   Number         0  stubs.o ABSOLUTE
    _printf_fp_hex                           0x00000000   Number         0  stubs.o ABSOLUTE
    _printf_g                                0x00000000   Number         0  stubs.o ABSOLUTE
    _printf_i                                0x00000000   Number         0  stubs.o ABSOLUTE
    _printf_int_dec                          0x00000000   Number         0  stubs.o ABSOLUTE
    _printf_l                                0x00000000   Number         0  stubs.o ABSOLUTE
    _printf_lc                               0x00000000   Number         0  stubs.o ABSOLUTE
    _printf_ll                               0x00000000   Number         0  stubs.o ABSOLUTE
    _printf_lld                              0x00000000   Number         0  stubs.o ABSOLUTE
    _printf_lli                              0x00000000   Number         0  stubs.o ABSOLUTE
    _printf_llo                              0x00000000   Number         0  stubs.o ABSOLUTE
    _printf_llu                              0x00000000   Number         0  stubs.o ABSOLUTE
    _printf_llx                              0x00000000   Number         0  stubs.o ABSOLUTE
    _printf_longlong_dec                     0x00000000   Number         0  stubs.o ABSOLUTE
    _printf_longlong_hex                     0x00000000   Number         0  stubs.o ABSOLUTE
    _printf_longlong_oct                     0x00000000   Number         0  stubs.o ABSOLUTE
    _printf_ls                               0x00000000   Number         0  stubs.o ABSOLUTE
    _printf_mbtowc                           0x00000000   Number         0  stubs.o ABSOLUTE
    _printf_n                                0x00000000   Number         0  stubs.o ABSOLUTE
    _printf_o                                0x00000000   Number         0  stubs.o ABSOLUTE
    _printf_p                                0x00000000   Number         0  stubs.o ABSOLUTE
    _printf_percent                          0x00000000   Number         0  stubs.o ABSOLUTE
    _printf_pre_padding                      0x00000000   Number         0  stubs.o ABSOLUTE
    _printf_return_value                     0x00000000   Number         0  stubs.o ABSOLUTE
    _printf_s                                0x00000000   Number         0  stubs.o ABSOLUTE
    _printf_sizespec                         0x00000000   Number         0  stubs.o ABSOLUTE
    _printf_str                              0x00000000   Number         0  stubs.o ABSOLUTE
    _printf_truncate_signed                  0x00000000   Number         0  stubs.o ABSOLUTE
    _printf_truncate_unsigned                0x00000000   Number         0  stubs.o ABSOLUTE
    _printf_u                                0x00000000   Number         0  stubs.o ABSOLUTE
    _printf_wc                               0x00000000   Number         0  stubs.o ABSOLUTE
    _printf_wctomb                           0x00000000   Number         0  stubs.o ABSOLUTE
    _printf_widthprec                        0x00000000   Number         0  stubs.o ABSOLUTE
    _printf_x                                0x00000000   Number         0  stubs.o ABSOLUTE
    __cpp_initialize__aeabi_                  - Undefined Weak Reference
    __cxa_finalize                            - Undefined Weak Reference
    __decompress                              - Undefined Weak Reference
    _clock_init                               - Undefined Weak Reference
    _microlib_exit                            - Undefined Weak Reference
    __Vectors_Size                           0x000000ec   Number         0  startup_stm32f103xb.o ABSOLUTE
    __Vectors                                0x08003000   Data           4  startup_stm32f103xb.o(RESET)
    __Vectors_End                            0x080030ec   Data           0  startup_stm32f103xb.o(RESET)
    __main                                   0x080030ed   Thumb Code     0  entry.o(.ARM.Collect$$$$00000000)
    _main_stk                                0x080030ed   Thumb Code     0  entry2.o(.ARM.Collect$$$$00000001)
    _main_scatterload                        0x080030f1   Thumb Code     0  entry5.o(.ARM.Collect$$$$00000004)
    __main_after_scatterload                 0x080030f5   Thumb Code     0  entry5.o(.ARM.Collect$$$$00000004)
    _main_clock                              0x080030f5   Thumb Code     0  entry7b.o(.ARM.Collect$$$$00000008)
    _main_cpp_init                           0x080030f5   Thumb Code     0  entry8b.o(.ARM.Collect$$$$0000000A)
    _main_init                               0x080030f5   Thumb Code     0  entry9a.o(.ARM.Collect$$$$0000000B)
    __rt_final_cpp                           0x080030fd   Thumb Code     0  entry10a.o(.ARM.Collect$$$$0000000D)
    __rt_final_exit                          0x080030fd   Thumb Code     0  entry11a.o(.ARM.Collect$$$$0000000F)
    Reset_Handler                            0x08003101   Thumb Code     8  startup_stm32f103xb.o(.text)
    ADC1_2_IRQHandler                        0x0800311b   Thumb Code     0  startup_stm32f103xb.o(.text)
    CAN1_RX1_IRQHandler                      0x0800311b   Thumb Code     0  startup_stm32f103xb.o(.text)
    CAN1_SCE_IRQHandler                      0x0800311b   Thumb Code     0  startup_stm32f103xb.o(.text)
    DMA1_Channel1_IRQHandler                 0x0800311b   Thumb Code     0  startup_stm32f103xb.o(.text)
    DMA1_Channel2_IRQHandler                 0x0800311b   Thumb Code     0  startup_stm32f103xb.o(.text)
    DMA1_Channel3_IRQHandler                 0x0800311b   Thumb Code     0  startup_stm32f103xb.o(.text)
    DMA1_Channel4_IRQHandler                 0x0800311b   Thumb Code     0  startup_stm32f103xb.o(.text)
    DMA1_Channel5_IRQHandler                 0x0800311b   Thumb Code     0  startup_stm32f103xb.o(.text)
    DMA1_Channel6_IRQHandler                 0x0800311b   Thumb Code     0  startup_stm32f103xb.o(.text)
    DMA1_Channel7_IRQHandler                 0x0800311b   Thumb Code     0  startup_stm32f103xb.o(.text)
    EXTI0_IRQHandler                         0x0800311b   Thumb Code     0  startup_stm32f103xb.o(.text)
    EXTI15_10_IRQHandler                     0x0800311b   Thumb Code     0  startup_stm32f103xb.o(.text)
    EXTI1_IRQHandler                         0x0800311b   Thumb Code     0  startup_stm32f103xb.o(.text)
    EXTI2_IRQHandler                         0x0800311b   Thumb Code     0  startup_stm32f103xb.o(.text)
    EXTI3_IRQHandler                         0x0800311b   Thumb Code     0  startup_stm32f103xb.o(.text)
    EXTI4_IRQHandler                         0x0800311b   Thumb Code     0  startup_stm32f103xb.o(.text)
    EXTI9_5_IRQHandler                       0x0800311b   Thumb Code     0  startup_stm32f103xb.o(.text)
    FLASH_IRQHandler                         0x0800311b   Thumb Code     0  startup_stm32f103xb.o(.text)
    I2C1_ER_IRQHandler                       0x0800311b   Thumb Code     0  startup_stm32f103xb.o(.text)
    I2C1_EV_IRQHandler                       0x0800311b   Thumb Code     0  startup_stm32f103xb.o(.text)
    I2C2_ER_IRQHandler                       0x0800311b   Thumb Code     0  startup_stm32f103xb.o(.text)
    I2C2_EV_IRQHandler                       0x0800311b   Thumb Code     0  startup_stm32f103xb.o(.text)
    PVD_IRQHandler                           0x0800311b   Thumb Code     0  startup_stm32f103xb.o(.text)
    RCC_IRQHandler                           0x0800311b   Thumb Code     0  startup_stm32f103xb.o(.text)
    RTC_Alarm_IRQHandler                     0x0800311b   Thumb Code     0  startup_stm32f103xb.o(.text)
    RTC_IRQHandler                           0x0800311b   Thumb Code     0  startup_stm32f103xb.o(.text)
    SPI1_IRQHandler                          0x0800311b   Thumb Code     0  startup_stm32f103xb.o(.text)
    SPI2_IRQHandler                          0x0800311b   Thumb Code     0  startup_stm32f103xb.o(.text)
    TAMPER_IRQHandler                        0x0800311b   Thumb Code     0  startup_stm32f103xb.o(.text)
    TIM1_BRK_IRQHandler                      0x0800311b   Thumb Code     0  startup_stm32f103xb.o(.text)
    TIM1_CC_IRQHandler                       0x0800311b   Thumb Code     0  startup_stm32f103xb.o(.text)
    TIM1_TRG_COM_IRQHandler                  0x0800311b   Thumb Code     0  startup_stm32f103xb.o(.text)
    TIM1_UP_IRQHandler                       0x0800311b   Thumb Code     0  startup_stm32f103xb.o(.text)
    TIM3_IRQHandler                          0x0800311b   Thumb Code     0  startup_stm32f103xb.o(.text)
    TIM4_IRQHandler                          0x0800311b   Thumb Code     0  startup_stm32f103xb.o(.text)
    USART1_IRQHandler                        0x0800311b   Thumb Code     0  startup_stm32f103xb.o(.text)
    USART3_IRQHandler                        0x0800311b   Thumb Code     0  startup_stm32f103xb.o(.text)
    USBWakeUp_IRQHandler                     0x0800311b   Thumb Code     0  startup_stm32f103xb.o(.text)
    USB_HP_CAN1_TX_IRQHandler                0x0800311b   Thumb Code     0  startup_stm32f103xb.o(.text)
    USB_LP_CAN1_RX0_IRQHandler               0x0800311b   Thumb Code     0  startup_stm32f103xb.o(.text)
    WWDG_IRQHandler                          0x0800311b   Thumb Code     0  startup_stm32f103xb.o(.text)
    __aeabi_llsr                             0x08003125   Thumb Code    32  llushr.o(.text)
    _ll_ushift_r                             0x08003125   Thumb Code     0  llushr.o(.text)
    __aeabi_memcpy                           0x08003145   Thumb Code    36  memcpya.o(.text)
    __aeabi_memcpy4                          0x08003145   Thumb Code     0  memcpya.o(.text)
    __aeabi_memcpy8                          0x08003145   Thumb Code     0  memcpya.o(.text)
    __aeabi_memset                           0x08003169   Thumb Code    14  memseta.o(.text)
    __aeabi_memset4                          0x08003169   Thumb Code     0  memseta.o(.text)
    __aeabi_memset8                          0x08003169   Thumb Code     0  memseta.o(.text)
    __aeabi_memclr                           0x08003177   Thumb Code     4  memseta.o(.text)
    __aeabi_memclr4                          0x08003177   Thumb Code     0  memseta.o(.text)
    __aeabi_memclr8                          0x08003177   Thumb Code     0  memseta.o(.text)
    _memset$wrapper                          0x0800317b   Thumb Code    18  memseta.o(.text)
    memcmp                                   0x0800318d   Thumb Code    26  memcmp.o(.text)
    __aeabi_uldivmod                         0x080031a7   Thumb Code    98  uldiv.o(.text)
    __scatterload                            0x08003209   Thumb Code    28  init.o(.text)
    __scatterload_rt2                        0x08003209   Thumb Code     0  init.o(.text)
    __aeabi_llsl                             0x0800322d   Thumb Code    30  llshl.o(.text)
    _ll_shift_l                              0x0800322d   Thumb Code     0  llshl.o(.text)
    BusFault_Handler                         0x0800324b   Thumb Code     2  stm32f1xx_it.o(i.BusFault_Handler)
    DebugMon_Handler                         0x0800324d   Thumb Code     2  stm32f1xx_it.o(i.DebugMon_Handler)
    FLASH_PageErase                          0x08003275   Thumb Code    28  stm32f1xx_hal_flash_ex.o(i.FLASH_PageErase)
    FLASH_WaitForLastOperation               0x08003311   Thumb Code    80  stm32f1xx_hal_flash.o(i.FLASH_WaitForLastOperation)
    GAgent_MD5Decode                         0x08003365   Thumb Code    32  gagent_md5.o(i.GAgent_MD5Decode)
    GAgent_MD5Encode                         0x08003385   Thumb Code    50  gagent_md5.o(i.GAgent_MD5Encode)
    GAgent_MD5Final                          0x080033b9   Thumb Code    70  gagent_md5.o(i.GAgent_MD5Final)
    GAgent_MD5Init                           0x08003405   Thumb Code    28  gagent_md5.o(i.GAgent_MD5Init)
    GAgent_MD5Transform                      0x08003429   Thumb Code  1646  gagent_md5.o(i.GAgent_MD5Transform)
    GAgent_MD5Update                         0x08003ae5   Thumb Code   118  gagent_md5.o(i.GAgent_MD5Update)
    HAL_DMA_Abort_IT                         0x08003b5d   Thumb Code   148  stm32f1xx_hal_dma.o(i.HAL_DMA_Abort_IT)
    HAL_FLASHEx_Erase                        0x08003bf5   Thumb Code   160  stm32f1xx_hal_flash_ex.o(i.HAL_FLASHEx_Erase)
    HAL_FLASH_Lock                           0x08003c9d   Thumb Code    14  stm32f1xx_hal_flash.o(i.HAL_FLASH_Lock)
    HAL_FLASH_Program                        0x08003cb1   Thumb Code   120  stm32f1xx_hal_flash.o(i.HAL_FLASH_Program)
    HAL_FLASH_Unlock                         0x08003d31   Thumb Code    24  stm32f1xx_hal_flash.o(i.HAL_FLASH_Unlock)
    HAL_GPIO_Init                            0x08003d55   Thumb Code   408  stm32f1xx_hal_gpio.o(i.HAL_GPIO_Init)
    HAL_GPIO_ReadPin                         0x08003f11   Thumb Code    10  stm32f1xx_hal_gpio.o(i.HAL_GPIO_ReadPin)
    HAL_GPIO_WritePin                        0x08003f1b   Thumb Code    10  stm32f1xx_hal_gpio.o(i.HAL_GPIO_WritePin)
    HAL_GetTick                              0x08003f25   Thumb Code     6  stm32f1xx_hal.o(i.HAL_GetTick)
    HAL_IncTick                              0x08003f31   Thumb Code    10  stm32f1xx_hal.o(i.HAL_IncTick)
    HAL_Init                                 0x08003f41   Thumb Code    32  stm32f1xx_hal.o(i.HAL_Init)
    HAL_InitTick                             0x08003f65   Thumb Code    34  stm32f1xx_hal.o(i.HAL_InitTick)
    HAL_MspInit                              0x08003f8d   Thumb Code   122  stm32f1xx_hal_msp.o(i.HAL_MspInit)
    HAL_NVIC_EnableIRQ                       0x08004011   Thumb Code    22  stm32f1xx_hal_cortex.o(i.HAL_NVIC_EnableIRQ)
    HAL_NVIC_SetPriority                     0x08004029   Thumb Code    60  stm32f1xx_hal_cortex.o(i.HAL_NVIC_SetPriority)
    HAL_NVIC_SetPriorityGrouping             0x08004069   Thumb Code    26  stm32f1xx_hal_cortex.o(i.HAL_NVIC_SetPriorityGrouping)
    HAL_NVIC_SystemReset                     0x0800408d   Thumb Code    26  stm32f1xx_hal_cortex.o(i.HAL_NVIC_SystemReset)
    HAL_RCC_ClockConfig                      0x080040b1   Thumb Code   322  stm32f1xx_hal_rcc.o(i.HAL_RCC_ClockConfig)
    HAL_RCC_GetHCLKFreq                      0x08004205   Thumb Code     6  stm32f1xx_hal_rcc.o(i.HAL_RCC_GetHCLKFreq)
    HAL_RCC_GetPCLK1Freq                     0x08004211   Thumb Code    20  stm32f1xx_hal_rcc.o(i.HAL_RCC_GetPCLK1Freq)
    HAL_RCC_GetPCLK2Freq                     0x08004231   Thumb Code    20  stm32f1xx_hal_rcc.o(i.HAL_RCC_GetPCLK2Freq)
    HAL_RCC_GetSysClockFreq                  0x08004251   Thumb Code    74  stm32f1xx_hal_rcc.o(i.HAL_RCC_GetSysClockFreq)
    HAL_RCC_OscConfig                        0x080042bd   Thumb Code   750  stm32f1xx_hal_rcc.o(i.HAL_RCC_OscConfig)
    HAL_SYSTICK_CLKSourceConfig              0x080045c1   Thumb Code    24  stm32f1xx_hal_cortex.o(i.HAL_SYSTICK_CLKSourceConfig)
    HAL_SYSTICK_Callback                     0x080045d9   Thumb Code     2  stm32f1xx_hal_cortex.o(i.HAL_SYSTICK_Callback)
    HAL_SYSTICK_Config                       0x080045db   Thumb Code    40  stm32f1xx_hal_cortex.o(i.HAL_SYSTICK_Config)
    HAL_SYSTICK_IRQHandler                   0x08004603   Thumb Code     8  stm32f1xx_hal_cortex.o(i.HAL_SYSTICK_IRQHandler)
    HAL_TIMEx_BreakCallback                  0x0800460b   Thumb Code     2  stm32f1xx_hal_tim_ex.o(i.HAL_TIMEx_BreakCallback)
    HAL_TIMEx_CommutationCallback            0x0800460d   Thumb Code     2  stm32f1xx_hal_tim_ex.o(i.HAL_TIMEx_CommutationCallback)
    HAL_TIMEx_MasterConfigSynchronization    0x0800460f   Thumb Code    80  stm32f1xx_hal_tim_ex.o(i.HAL_TIMEx_MasterConfigSynchronization)
    HAL_TIM_Base_Init                        0x0800465f   Thumb Code    54  stm32f1xx_hal_tim.o(i.HAL_TIM_Base_Init)
    HAL_TIM_Base_MspInit                     0x08004695   Thumb Code    30  stm32f1xx_hal_msp.o(i.HAL_TIM_Base_MspInit)
    HAL_TIM_Base_Start_IT                    0x080046b9   Thumb Code    24  stm32f1xx_hal_tim.o(i.HAL_TIM_Base_Start_IT)
    HAL_TIM_ConfigClockSource                0x080046d1   Thumb Code   242  stm32f1xx_hal_tim.o(i.HAL_TIM_ConfigClockSource)
    HAL_TIM_IC_CaptureCallback               0x080047c3   Thumb Code     2  stm32f1xx_hal_tim.o(i.HAL_TIM_IC_CaptureCallback)
    HAL_TIM_IRQHandler                       0x080047c5   Thumb Code   358  stm32f1xx_hal_tim.o(i.HAL_TIM_IRQHandler)
    HAL_TIM_OC_DelayElapsedCallback          0x0800492b   Thumb Code     2  stm32f1xx_hal_tim.o(i.HAL_TIM_OC_DelayElapsedCallback)
    HAL_TIM_PWM_PulseFinishedCallback        0x0800492d   Thumb Code     2  stm32f1xx_hal_tim.o(i.HAL_TIM_PWM_PulseFinishedCallback)
    HAL_TIM_PeriodElapsedCallback            0x08004931   Thumb Code    24  gizwits_product.o(i.HAL_TIM_PeriodElapsedCallback)
    HAL_TIM_TriggerCallback                  0x08004951   Thumb Code     2  stm32f1xx_hal_tim.o(i.HAL_TIM_TriggerCallback)
    HAL_UART_ErrorCallback                   0x08004953   Thumb Code     2  stm32f1xx_hal_uart.o(i.HAL_UART_ErrorCallback)
    HAL_UART_IRQHandler                      0x08004955   Thumb Code   266  stm32f1xx_hal_uart.o(i.HAL_UART_IRQHandler)
    HAL_UART_Init                            0x08004a65   Thumb Code    98  stm32f1xx_hal_uart.o(i.HAL_UART_Init)
    HAL_UART_MspInit                         0x08004ac9   Thumb Code   116  stm32f1xx_hal_msp.o(i.HAL_UART_MspInit)
    HAL_UART_Receive_IT                      0x08004b4d   Thumb Code    82  stm32f1xx_hal_uart.o(i.HAL_UART_Receive_IT)
    HAL_UART_RxCpltCallback                  0x08004ba1   Thumb Code    34  gizwits_product.o(i.HAL_UART_RxCpltCallback)
    HAL_UART_Transmit                        0x08004bd1   Thumb Code   186  stm32f1xx_hal_uart.o(i.HAL_UART_Transmit)
    HAL_UART_Transmit_IT                     0x08004c8b   Thumb Code    62  stm32f1xx_hal_uart.o(i.HAL_UART_Transmit_IT)
    HAL_UART_TxCpltCallback                  0x08004cc9   Thumb Code     2  stm32f1xx_hal_uart.o(i.HAL_UART_TxCpltCallback)
    HardFault_Handler                        0x08004ccb   Thumb Code     2  stm32f1xx_it.o(i.HardFault_Handler)
    MemManage_Handler                        0x08004d8d   Thumb Code     2  stm32f1xx_it.o(i.MemManage_Handler)
    NMI_Handler                              0x08004d8f   Thumb Code     2  stm32f1xx_it.o(i.NMI_Handler)
    PendSV_Handler                           0x08004db1   Thumb Code     2  stm32f1xx_it.o(i.PendSV_Handler)
    Pro_D2W_Ask_Module_Reboot                0x08004db5   Thumb Code    88  gizwits_protocol.o(i.Pro_D2W_Ask_Module_Reboot)
    Pro_D2W_UpdateReady                      0x08004e31   Thumb Code   174  gizwits_protocol.o(i.Pro_D2W_UpdateReady)
    Pro_D2W_UpdateSuspend                    0x08004f21   Thumb Code    88  gizwits_protocol.o(i.Pro_D2W_UpdateSuspend)
    Pro_W2D_UpdateCmdHandle                  0x08004f9d   Thumb Code   248  gizwits_protocol.o(i.Pro_W2D_UpdateCmdHandle)
    Pro_W2D_UpdateDataHandle                 0x08005189   Thumb Code   276  gizwits_protocol.o(i.Pro_W2D_UpdateDataHandle)
    SVC_Handler                              0x08005385   Thumb Code     2  stm32f1xx_it.o(i.SVC_Handler)
    SysTick_Handler                          0x08005387   Thumb Code    14  stm32f1xx_it.o(i.SysTick_Handler)
    SystemClock_Config                       0x08005395   Thumb Code   104  main.o(i.SystemClock_Config)
    SystemInit                               0x080053fd   Thumb Code    56  system_stm32f1xx.o(i.SystemInit)
    TIM2_IRQHandler                          0x08005449   Thumb Code     6  stm32f1xx_it.o(i.TIM2_IRQHandler)
    TIM_Base_SetConfig                       0x08005455   Thumb Code    94  stm32f1xx_hal_tim.o(i.TIM_Base_SetConfig)
    USART2_IRQHandler                        0x08005825   Thumb Code     6  stm32f1xx_it.o(i.USART2_IRQHandler)
    UsageFault_Handler                       0x08005831   Thumb Code     2  stm32f1xx_it.o(i.UsageFault_Handler)
    __0printf$8                              0x08005835   Thumb Code    22  printf8.o(i.__0printf$8)
    __1printf$8                              0x08005835   Thumb Code     0  printf8.o(i.__0printf$8)
    __2printf                                0x08005835   Thumb Code     0  printf8.o(i.__0printf$8)
    __scatterload_copy                       0x08005855   Thumb Code    14  handlers.o(i.__scatterload_copy)
    __scatterload_null                       0x08005863   Thumb Code     2  handlers.o(i.__scatterload_null)
    __scatterload_zeroinit                   0x08005865   Thumb Code    14  handlers.o(i.__scatterload_zeroinit)
    char2hex                                 0x08005cd7   Thumb Code    86  common.o(i.char2hex)
    clkProduce                               0x08005d2d   Thumb Code    44  hal_rgb_led.o(i.clkProduce)
    datSend                                  0x08005d5d   Thumb Code    50  hal_rgb_led.o(i.datSend)
    dataDealWithAndSend                      0x08005d95   Thumb Code    56  hal_rgb_led.o(i.dataDealWithAndSend)
    exchangeBytes                            0x08005dcd   Thumb Code    16  common.o(i.exchangeBytes)
    exchangeWord                             0x08005ddd   Thumb Code     4  common.o(i.exchangeWord)
    flash_erase                              0x08005de1   Thumb Code    48  flash.o(i.flash_erase)
    flash_erase_page                         0x08005e11   Thumb Code    44  flash.o(i.flash_erase_page)
    fputc                                    0x08005e3d   Thumb Code    20  gizwits_product.o(i.fputc)
    getKey                                   0x08005e55   Thumb Code    84  hal_key.o(i.getKey)
    gizAcrossByteJudge                       0x08005ead   Thumb Code    30  datapointtools.o(i.gizAcrossByteJudge)
    gizByteOrderExchange                     0x08005ecb   Thumb Code    36  datapointtools.o(i.gizByteOrderExchange)
    gizGetTimerCount                         0x08006201   Thumb Code     6  gizwits_product.o(i.gizGetTimerCount)
    gizProtocolSum                           0x08006e0d   Thumb Code    36  common.o(i.gizProtocolSum)
    gizPutData                               0x08006edd   Thumb Code    40  gizwits_protocol.o(i.gizPutData)
    gizStandardCompressValue                 0x0800700d   Thumb Code    80  datapointtools.o(i.gizStandardCompressValue)
    gizStandardDecompressionValue            0x0800705d   Thumb Code   130  datapointtools.o(i.gizStandardDecompressionValue)
    gizTimerMs                               0x080070e1   Thumb Code    10  gizwits_product.o(i.gizTimerMs)
    gizX2Y                                   0x080070f1   Thumb Code     6  datapointtools.o(i.gizX2Y)
    gizY2X                                   0x080070f7   Thumb Code     8  datapointtools.o(i.gizY2X)
    gizwitsEventProcess                      0x08007101   Thumb Code   222  gizwits_product.o(i.gizwitsEventProcess)
    gizwitsHandle                            0x080072c1   Thumb Code   722  gizwits_protocol.o(i.gizwitsHandle)
    gizwitsInit                              0x0800775d   Thumb Code    46  gizwits_protocol.o(i.gizwitsInit)
    gizwitsSetMode                           0x080077bd   Thumb Code   214  gizwits_protocol.o(i.gizwitsSetMode)
    key1LongPress                            0x080078cd   Thumb Code    18  main.o(i.key1LongPress)
    key1ShortPress                           0x08007901   Thumb Code    18  main.o(i.key1ShortPress)
    key2LongPress                            0x08007935   Thumb Code    28  main.o(i.key2LongPress)
    key2ShortPress                           0x08007971   Thumb Code    28  main.o(i.key2ShortPress)
    keyHandle                                0x080079a9   Thumb Code   126  hal_key.o(i.keyHandle)
    keyInit                                  0x08007a29   Thumb Code    90  main.o(i.keyInit)
    keyInitOne                               0x08007aa5   Thumb Code    58  hal_key.o(i.keyInitOne)
    keyParaInit                              0x08007ae5   Thumb Code    20  hal_key.o(i.keyParaInit)
    ledDelay                                 0x08007afd   Thumb Code    16  hal_rgb_led.o(i.ledDelay)
    ledRgbControl                            0x08007b0d   Thumb Code    46  hal_rgb_led.o(i.ledRgbControl)
    main                                     0x08007b41   Thumb Code   168  main.o(i.main)
    mcuRestart                               0x08007c41   Thumb Code    10  gizwits_product.o(i.mcuRestart)
    rbCanRead                                0x08007c4b   Thumb Code    50  ringbuffer.o(i.rbCanRead)
    rbCanWrite                               0x08007c7d   Thumb Code    28  ringbuffer.o(i.rbCanWrite)
    rbCapacity                               0x08007c99   Thumb Code    12  ringbuffer.o(i.rbCapacity)
    rbCreate                                 0x08007ca5   Thumb Code    18  ringbuffer.o(i.rbCreate)
    rbRead                                   0x08007cb7   Thumb Code   126  ringbuffer.o(i.rbRead)
    rbWrite                                  0x08007d35   Thumb Code   142  ringbuffer.o(i.rbWrite)
    readKeyValue                             0x08007dc5   Thumb Code   130  hal_key.o(i.readKeyValue)
    rgbKeyGpioInit                           0x08007e4d   Thumb Code    44  hal_rgb_led.o(i.rgbKeyGpioInit)
    rgbLedInit                               0x08007e81   Thumb Code    72  hal_rgb_led.o(i.rgbLedInit)
    send32Zero                               0x08007ed1   Thumb Code    30  hal_rgb_led.o(i.send32Zero)
    takeAntiCode                             0x08007ef5   Thumb Code     8  hal_rgb_led.o(i.takeAntiCode)
    timerInit                                0x08007efd   Thumb Code     6  gizwits_product.o(i.timerInit)
    uartInit                                 0x08007f09   Thumb Code    10  gizwits_product.o(i.uartInit)
    uartWrite                                0x08007f1d   Thumb Code   140  gizwits_product.o(i.uartWrite)
    userHandle                               0x08007fd5   Thumb Code     2  gizwits_product.o(i.userHandle)
    userInit                                 0x08007fd9   Thumb Code    22  gizwits_product.o(i.userInit)
    wFlashData                               0x08007ff5   Thumb Code    54  flash.o(i.wFlashData)
    writeFlash                               0x0800802d   Thumb Code    68  flash.o(i.writeFlash)
    AHBPrescTable                            0x0800807c   Data          16  system_stm32f1xx.o(.constdata)
    APBPrescTable                            0x0800808c   Data           8  system_stm32f1xx.o(.constdata)
    Region$$Table$$Base                      0x08008128   Number         0  anon$$obj.o(Region$$Table)
    Region$$Table$$Limit                     0x08008148   Number         0  anon$$obj.o(Region$$Table)
    keys                                     0x20000000   Data           5  main.o(.data)
    PADDING                                  0x20000005   Data          64  gagent_md5.o(.data)
    aRxBuffer                                0x20000048   Data           1  gizwits_product.o(.data)
    keyCountTime                             0x20000060   Data           1  hal_key.o(.data)
    flashWriteOffset                         0x20000068   Data           4  flash.o(.data)
    jump2app                                 0x2000006c   Data           4  flash.o(.data)
    uwTick                                   0x20000070   Data           4  stm32f1xx_hal.o(.data)
    SystemCoreClock                          0x20000074   Data           4  system_stm32f1xx.o(.data)
    __stdout                                 0x20000078   Data           4  stdout.o(.data)
    htim2                                    0x2000007c   Data          64  main.o(.bss)
    huart1                                   0x200000bc   Data          64  main.o(.bss)
    huart2                                   0x200000fc   Data          64  main.o(.bss)
    singleKey                                0x2000013c   Data          42  main.o(.bss)
    currentDataPoint                         0x20000166   Data          13  gizwits_product.o(.bss)
    gizwitsProtocol                          0x20000174   Data        2917  gizwits_protocol.o(.bss)
    romUpdate                                0x20000cdc   Data         120  gizwits_protocol.o(.bss)
    pRb                                      0x20000d54   Data          16  gizwits_protocol.o(.bss)
    pFlash                                   0x200010e8   Data          32  stm32f1xx_hal_flash.o(.bss)
    __initial_sp                             0x20003108   Data           0  startup_stm32f103xb.o(STACK)



==============================================================================

Memory Map of the image

  Image Entry point : 0x080030ed

  Load Region LR_IROM1 (Base: 0x08003000, Size: 0x000051c4, Max: 0x00006800, ABSOLUTE)

    Execution Region ER_IROM1 (Exec base: 0x08003000, Load base: 0x08003000, Size: 0x00005148, Max: 0x00006800, ABSOLUTE)

    Exec Addr    Load Addr    Size         Type   Attr      Idx    E Section Name        Object

    0x08003000   0x08003000   0x000000ec   Data   RO         3146    RESET               startup_stm32f103xb.o
    0x080030ec   0x080030ec   0x00000000   Code   RO         3189  * .ARM.Collect$$$$00000000  mc_w.l(entry.o)
    0x080030ec   0x080030ec   0x00000004   Code   RO         3477    .ARM.Collect$$$$00000001  mc_w.l(entry2.o)
    0x080030f0   0x080030f0   0x00000004   Code   RO         3480    .ARM.Collect$$$$00000004  mc_w.l(entry5.o)
    0x080030f4   0x080030f4   0x00000000   Code   RO         3482    .ARM.Collect$$$$00000008  mc_w.l(entry7b.o)
    0x080030f4   0x080030f4   0x00000000   Code   RO         3484    .ARM.Collect$$$$0000000A  mc_w.l(entry8b.o)
    0x080030f4   0x080030f4   0x00000008   Code   RO         3485    .ARM.Collect$$$$0000000B  mc_w.l(entry9a.o)
    0x080030fc   0x080030fc   0x00000000   Code   RO         3487    .ARM.Collect$$$$0000000D  mc_w.l(entry10a.o)
    0x080030fc   0x080030fc   0x00000000   Code   RO         3489    .ARM.Collect$$$$0000000F  mc_w.l(entry11a.o)
    0x080030fc   0x080030fc   0x00000004   Code   RO         3478    .ARM.Collect$$$$00002712  mc_w.l(entry2.o)
    0x08003100   0x08003100   0x00000024   Code   RO         3147    .text               startup_stm32f103xb.o
    0x08003124   0x08003124   0x00000020   Code   RO         3192    .text               mc_w.l(llushr.o)
    0x08003144   0x08003144   0x00000024   Code   RO         3196    .text               mc_w.l(memcpya.o)
    0x08003168   0x08003168   0x00000024   Code   RO         3198    .text               mc_w.l(memseta.o)
    0x0800318c   0x0800318c   0x0000001a   Code   RO         3202    .text               mc_w.l(memcmp.o)
    0x080031a6   0x080031a6   0x00000062   Code   RO         3494    .text               mc_w.l(uldiv.o)
    0x08003208   0x08003208   0x00000024   Code   RO         3509    .text               mc_w.l(init.o)
    0x0800322c   0x0800322c   0x0000001e   Code   RO         3511    .text               mc_w.l(llshl.o)
    0x0800324a   0x0800324a   0x00000002   Code   RO          250    i.BusFault_Handler  stm32f1xx_it.o
    0x0800324c   0x0800324c   0x00000002   Code   RO          251    i.DebugMon_Handler  stm32f1xx_it.o
    0x0800324e   0x0800324e   0x00000002   PAD
    0x08003250   0x08003250   0x00000024   Code   RO         1491    i.FLASH_MassErase   stm32f1xx_hal_flash_ex.o
    0x08003274   0x08003274   0x00000024   Code   RO         1496    i.FLASH_PageErase   stm32f1xx_hal_flash_ex.o
    0x08003298   0x08003298   0x0000001c   Code   RO         1809    i.FLASH_Program_HalfWord  stm32f1xx_hal_flash.o
    0x080032b4   0x080032b4   0x0000005c   Code   RO         1810    i.FLASH_SetErrorCode  stm32f1xx_hal_flash.o
    0x08003310   0x08003310   0x00000054   Code   RO         1811    i.FLASH_WaitForLastOperation  stm32f1xx_hal_flash.o
    0x08003364   0x08003364   0x00000020   Code   RO          335    i.GAgent_MD5Decode  gagent_md5.o
    0x08003384   0x08003384   0x00000032   Code   RO          336    i.GAgent_MD5Encode  gagent_md5.o
    0x080033b6   0x080033b6   0x00000002   PAD
    0x080033b8   0x080033b8   0x0000004c   Code   RO          337    i.GAgent_MD5Final   gagent_md5.o
    0x08003404   0x08003404   0x00000024   Code   RO          338    i.GAgent_MD5Init    gagent_md5.o
    0x08003428   0x08003428   0x000006bc   Code   RO          339    i.GAgent_MD5Transform  gagent_md5.o
    0x08003ae4   0x08003ae4   0x00000076   Code   RO          340    i.GAgent_MD5Update  gagent_md5.o
    0x08003b5a   0x08003b5a   0x00000002   PAD
    0x08003b5c   0x08003b5c   0x00000098   Code   RO         1578    i.HAL_DMA_Abort_IT  stm32f1xx_hal_dma.o
    0x08003bf4   0x08003bf4   0x000000a8   Code   RO         1497    i.HAL_FLASHEx_Erase  stm32f1xx_hal_flash_ex.o
    0x08003c9c   0x08003c9c   0x00000014   Code   RO         1815    i.HAL_FLASH_Lock    stm32f1xx_hal_flash.o
    0x08003cb0   0x08003cb0   0x00000080   Code   RO         1820    i.HAL_FLASH_Program  stm32f1xx_hal_flash.o
    0x08003d30   0x08003d30   0x00000024   Code   RO         1822    i.HAL_FLASH_Unlock  stm32f1xx_hal_flash.o
    0x08003d54   0x08003d54   0x000001bc   Code   RO         1428    i.HAL_GPIO_Init     stm32f1xx_hal_gpio.o
    0x08003f10   0x08003f10   0x0000000a   Code   RO         1430    i.HAL_GPIO_ReadPin  stm32f1xx_hal_gpio.o
    0x08003f1a   0x08003f1a   0x0000000a   Code   RO         1432    i.HAL_GPIO_WritePin  stm32f1xx_hal_gpio.o
    0x08003f24   0x08003f24   0x0000000c   Code   RO         1295    i.HAL_GetTick       stm32f1xx_hal.o
    0x08003f30   0x08003f30   0x00000010   Code   RO         1297    i.HAL_IncTick       stm32f1xx_hal.o
    0x08003f40   0x08003f40   0x00000024   Code   RO         1298    i.HAL_Init          stm32f1xx_hal.o
    0x08003f64   0x08003f64   0x00000028   Code   RO         1299    i.HAL_InitTick      stm32f1xx_hal.o
    0x08003f8c   0x08003f8c   0x00000084   Code   RO            4    i.HAL_MspInit       stm32f1xx_hal_msp.o
    0x08004010   0x08004010   0x00000016   Code   RO         2581    i.HAL_NVIC_EnableIRQ  stm32f1xx_hal_cortex.o
    0x08004026   0x08004026   0x00000002   PAD
    0x08004028   0x08004028   0x00000040   Code   RO         2587    i.HAL_NVIC_SetPriority  stm32f1xx_hal_cortex.o
    0x08004068   0x08004068   0x00000024   Code   RO         2588    i.HAL_NVIC_SetPriorityGrouping  stm32f1xx_hal_cortex.o
    0x0800408c   0x0800408c   0x00000024   Code   RO         2589    i.HAL_NVIC_SystemReset  stm32f1xx_hal_cortex.o
    0x080040b0   0x080040b0   0x00000154   Code   RO         1708    i.HAL_RCC_ClockConfig  stm32f1xx_hal_rcc.o
    0x08004204   0x08004204   0x0000000c   Code   RO         1713    i.HAL_RCC_GetHCLKFreq  stm32f1xx_hal_rcc.o
    0x08004210   0x08004210   0x00000020   Code   RO         1715    i.HAL_RCC_GetPCLK1Freq  stm32f1xx_hal_rcc.o
    0x08004230   0x08004230   0x00000020   Code   RO         1716    i.HAL_RCC_GetPCLK2Freq  stm32f1xx_hal_rcc.o
    0x08004250   0x08004250   0x0000006c   Code   RO         1717    i.HAL_RCC_GetSysClockFreq  stm32f1xx_hal_rcc.o
    0x080042bc   0x080042bc   0x00000304   Code   RO         1720    i.HAL_RCC_OscConfig  stm32f1xx_hal_rcc.o
    0x080045c0   0x080045c0   0x00000018   Code   RO         2590    i.HAL_SYSTICK_CLKSourceConfig  stm32f1xx_hal_cortex.o
    0x080045d8   0x080045d8   0x00000002   Code   RO         2591    i.HAL_SYSTICK_Callback  stm32f1xx_hal_cortex.o
    0x080045da   0x080045da   0x00000028   Code   RO         2592    i.HAL_SYSTICK_Config  stm32f1xx_hal_cortex.o
    0x08004602   0x08004602   0x00000008   Code   RO         2593    i.HAL_SYSTICK_IRQHandler  stm32f1xx_hal_cortex.o
    0x0800460a   0x0800460a   0x00000002   Code   RO         1051    i.HAL_TIMEx_BreakCallback  stm32f1xx_hal_tim_ex.o
    0x0800460c   0x0800460c   0x00000002   Code   RO         1052    i.HAL_TIMEx_CommutationCallback  stm32f1xx_hal_tim_ex.o
    0x0800460e   0x0800460e   0x00000050   Code   RO         1068    i.HAL_TIMEx_MasterConfigSynchronization  stm32f1xx_hal_tim_ex.o
    0x0800465e   0x0800465e   0x00000036   Code   RO         1950    i.HAL_TIM_Base_Init  stm32f1xx_hal_tim.o
    0x08004694   0x08004694   0x00000024   Code   RO            6    i.HAL_TIM_Base_MspInit  stm32f1xx_hal_msp.o
    0x080046b8   0x080046b8   0x00000018   Code   RO         1955    i.HAL_TIM_Base_Start_IT  stm32f1xx_hal_tim.o
    0x080046d0   0x080046d0   0x000000f2   Code   RO         1959    i.HAL_TIM_ConfigClockSource  stm32f1xx_hal_tim.o
    0x080047c2   0x080047c2   0x00000002   Code   RO         1979    i.HAL_TIM_IC_CaptureCallback  stm32f1xx_hal_tim.o
    0x080047c4   0x080047c4   0x00000166   Code   RO         1992    i.HAL_TIM_IRQHandler  stm32f1xx_hal_tim.o
    0x0800492a   0x0800492a   0x00000002   Code   RO         1995    i.HAL_TIM_OC_DelayElapsedCallback  stm32f1xx_hal_tim.o
    0x0800492c   0x0800492c   0x00000002   Code   RO         2022    i.HAL_TIM_PWM_PulseFinishedCallback  stm32f1xx_hal_tim.o
    0x0800492e   0x0800492e   0x00000002   PAD
    0x08004930   0x08004930   0x00000020   Code   RO          389    i.HAL_TIM_PeriodElapsedCallback  gizwits_product.o
    0x08004950   0x08004950   0x00000002   Code   RO         2033    i.HAL_TIM_TriggerCallback  stm32f1xx_hal_tim.o
    0x08004952   0x08004952   0x00000002   Code   RO         2842    i.HAL_UART_ErrorCallback  stm32f1xx_hal_uart.o
    0x08004954   0x08004954   0x00000110   Code   RO         2845    i.HAL_UART_IRQHandler  stm32f1xx_hal_uart.o
    0x08004a64   0x08004a64   0x00000062   Code   RO         2846    i.HAL_UART_Init     stm32f1xx_hal_uart.o
    0x08004ac6   0x08004ac6   0x00000002   PAD
    0x08004ac8   0x08004ac8   0x00000084   Code   RO            8    i.HAL_UART_MspInit  stm32f1xx_hal_msp.o
    0x08004b4c   0x08004b4c   0x00000052   Code   RO         2851    i.HAL_UART_Receive_IT  stm32f1xx_hal_uart.o
    0x08004b9e   0x08004b9e   0x00000002   PAD
    0x08004ba0   0x08004ba0   0x00000030   Code   RO          390    i.HAL_UART_RxCpltCallback  gizwits_product.o
    0x08004bd0   0x08004bd0   0x000000ba   Code   RO         2854    i.HAL_UART_Transmit  stm32f1xx_hal_uart.o
    0x08004c8a   0x08004c8a   0x0000003e   Code   RO         2856    i.HAL_UART_Transmit_IT  stm32f1xx_hal_uart.o
    0x08004cc8   0x08004cc8   0x00000002   Code   RO         2857    i.HAL_UART_TxCpltCallback  stm32f1xx_hal_uart.o
    0x08004cca   0x08004cca   0x00000002   Code   RO          252    i.HardFault_Handler  stm32f1xx_it.o
    0x08004ccc   0x08004ccc   0x0000006c   Code   RO          136    i.MX_GPIO_Init      main.o
    0x08004d38   0x08004d38   0x00000054   Code   RO          137    i.MX_TIM2_Init      main.o
    0x08004d8c   0x08004d8c   0x00000002   Code   RO          253    i.MemManage_Handler  stm32f1xx_it.o
    0x08004d8e   0x08004d8e   0x00000002   Code   RO          254    i.NMI_Handler       stm32f1xx_it.o
    0x08004d90   0x08004d90   0x00000020   Code   RO         2594    i.NVIC_SetPriority  stm32f1xx_hal_cortex.o
    0x08004db0   0x08004db0   0x00000002   Code   RO          255    i.PendSV_Handler    stm32f1xx_it.o
    0x08004db2   0x08004db2   0x00000002   PAD
    0x08004db4   0x08004db4   0x0000007c   Code   RO          488    i.Pro_D2W_Ask_Module_Reboot  gizwits_protocol.o
    0x08004e30   0x08004e30   0x000000f0   Code   RO          489    i.Pro_D2W_UpdateReady  gizwits_protocol.o
    0x08004f20   0x08004f20   0x0000007c   Code   RO          490    i.Pro_D2W_UpdateSuspend  gizwits_protocol.o
    0x08004f9c   0x08004f9c   0x000001ec   Code   RO          491    i.Pro_W2D_UpdateCmdHandle  gizwits_protocol.o
    0x08005188   0x08005188   0x000001fc   Code   RO          492    i.Pro_W2D_UpdateDataHandle  gizwits_protocol.o
    0x08005384   0x08005384   0x00000002   Code   RO          256    i.SVC_Handler       stm32f1xx_it.o
    0x08005386   0x08005386   0x0000000e   Code   RO          257    i.SysTick_Handler   stm32f1xx_it.o
    0x08005394   0x08005394   0x00000068   Code   RO          138    i.SystemClock_Config  main.o
    0x080053fc   0x080053fc   0x0000004c   Code   RO         3155    i.SystemInit        system_stm32f1xx.o
    0x08005448   0x08005448   0x0000000c   Code   RO          258    i.TIM2_IRQHandler   stm32f1xx_it.o
    0x08005454   0x08005454   0x0000006c   Code   RO         2034    i.TIM_Base_SetConfig  stm32f1xx_hal_tim.o
    0x080054c0   0x080054c0   0x00000014   Code   RO         2041    i.TIM_ETR_SetConfig  stm32f1xx_hal_tim.o
    0x080054d4   0x080054d4   0x00000010   Code   RO         2042    i.TIM_ITRx_SetConfig  stm32f1xx_hal_tim.o
    0x080054e4   0x080054e4   0x00000022   Code   RO         2048    i.TIM_TI1_ConfigInputStage  stm32f1xx_hal_tim.o
    0x08005506   0x08005506   0x00000024   Code   RO         2050    i.TIM_TI2_ConfigInputStage  stm32f1xx_hal_tim.o
    0x0800552a   0x0800552a   0x00000010   Code   RO         2859    i.UART_DMAAbortOnError  stm32f1xx_hal_uart.o
    0x0800553a   0x0800553a   0x0000001c   Code   RO         2869    i.UART_EndRxTransfer  stm32f1xx_hal_uart.o
    0x08005556   0x08005556   0x00000096   Code   RO         2871    i.UART_Receive_IT   stm32f1xx_hal_uart.o
    0x080055ec   0x080055ec   0x00000170   Code   RO         2872    i.UART_SetConfig    stm32f1xx_hal_uart.o
    0x0800575c   0x0800575c   0x00000062   Code   RO         2873    i.UART_Transmit_IT  stm32f1xx_hal_uart.o
    0x080057be   0x080057be   0x00000064   Code   RO         2874    i.UART_WaitOnFlagUntilTimeout  stm32f1xx_hal_uart.o
    0x08005822   0x08005822   0x00000002   PAD
    0x08005824   0x08005824   0x0000000c   Code   RO          259    i.USART2_IRQHandler  stm32f1xx_it.o
    0x08005830   0x08005830   0x00000002   Code   RO          260    i.UsageFault_Handler  stm32f1xx_it.o
    0x08005832   0x08005832   0x00000002   PAD
    0x08005834   0x08005834   0x00000020   Code   RO         3413    i.__0printf$8       mc_w.l(printf8.o)
    0x08005854   0x08005854   0x0000000e   Code   RO         3519    i.__scatterload_copy  mc_w.l(handlers.o)
    0x08005862   0x08005862   0x00000002   Code   RO         3520    i.__scatterload_null  mc_w.l(handlers.o)
    0x08005864   0x08005864   0x0000000e   Code   RO         3521    i.__scatterload_zeroinit  mc_w.l(handlers.o)
    0x08005872   0x08005872   0x00000002   PAD
    0x08005874   0x08005874   0x00000410   Code   RO         3420    i._printf_core      mc_w.l(printf8.o)
    0x08005c84   0x08005c84   0x00000024   Code   RO         3421    i._printf_post_padding  mc_w.l(printf8.o)
    0x08005ca8   0x08005ca8   0x0000002e   Code   RO         3422    i._printf_pre_padding  mc_w.l(printf8.o)
    0x08005cd6   0x08005cd6   0x00000056   Code   RO          869    i.char2hex          common.o
    0x08005d2c   0x08005d2c   0x00000030   Code   RO          735    i.clkProduce        hal_rgb_led.o
    0x08005d5c   0x08005d5c   0x00000038   Code   RO          736    i.datSend           hal_rgb_led.o
    0x08005d94   0x08005d94   0x00000038   Code   RO          737    i.dataDealWithAndSend  hal_rgb_led.o
    0x08005dcc   0x08005dcc   0x00000010   Code   RO          871    i.exchangeBytes     common.o
    0x08005ddc   0x08005ddc   0x00000004   Code   RO          872    i.exchangeWord      common.o
    0x08005de0   0x08005de0   0x00000030   Code   RO          805    i.flash_erase       flash.o
    0x08005e10   0x08005e10   0x0000002c   Code   RO          806    i.flash_erase_page  flash.o
    0x08005e3c   0x08005e3c   0x00000018   Code   RO          391    i.fputc             gizwits_product.o
    0x08005e54   0x08005e54   0x00000058   Code   RO          679    i.getKey            hal_key.o
    0x08005eac   0x08005eac   0x0000001e   Code   RO          935    i.gizAcrossByteJudge  datapointtools.o
    0x08005eca   0x08005eca   0x00000024   Code   RO          936    i.gizByteOrderExchange  datapointtools.o
    0x08005eee   0x08005eee   0x00000002   PAD
    0x08005ef0   0x08005ef0   0x000000e8   Code   RO          493    i.gizCheckReport    gizwits_protocol.o
    0x08005fd8   0x08005fd8   0x000000dc   Code   RO          494    i.gizDataPoint2Event  gizwits_protocol.o
    0x080060b4   0x080060b4   0x0000008c   Code   RO          495    i.gizDataPoints2ReportData  gizwits_protocol.o
    0x08006140   0x08006140   0x000000c0   Code   RO          496    i.gizDevReportPolicy  gizwits_protocol.o
    0x08006200   0x08006200   0x0000000c   Code   RO          392    i.gizGetTimerCount  gizwits_product.o
    0x0800620c   0x0800620c   0x00000084   Code   RO          497    i.gizProtocolAckHandle  gizwits_protocol.o
    0x08006290   0x08006290   0x00000098   Code   RO          498    i.gizProtocolCommonAck  gizwits_protocol.o
    0x08006328   0x08006328   0x000000a0   Code   RO          499    i.gizProtocolErrorCmd  gizwits_protocol.o
    0x080063c8   0x080063c8   0x00000178   Code   RO          500    i.gizProtocolGetDeviceInfo  gizwits_protocol.o
    0x08006540   0x08006540   0x00000160   Code   RO          501    i.gizProtocolGetOnePacket  gizwits_protocol.o
    0x080066a0   0x080066a0   0x0000004c   Code   RO          502    i.gizProtocolHeadInit  gizwits_protocol.o
    0x080066ec   0x080066ec   0x00000124   Code   RO          503    i.gizProtocolIssuedDataAck  gizwits_protocol.o
    0x08006810   0x08006810   0x000000f8   Code   RO          504    i.gizProtocolIssuedProcess  gizwits_protocol.o
    0x08006908   0x08006908   0x00000418   Code   RO          505    i.gizProtocolModuleStatus  gizwits_protocol.o
    0x08006d20   0x08006d20   0x00000078   Code   RO          506    i.gizProtocolNTP    gizwits_protocol.o
    0x08006d98   0x08006d98   0x00000074   Code   RO          507    i.gizProtocolResendData  gizwits_protocol.o
    0x08006e0c   0x08006e0c   0x00000024   Code   RO          873    i.gizProtocolSum    common.o
    0x08006e30   0x08006e30   0x00000064   Code   RO          508    i.gizProtocolWaitAck  gizwits_protocol.o
    0x08006e94   0x08006e94   0x00000048   Code   RO          509    i.gizProtocolWaitAckCheck  gizwits_protocol.o
    0x08006edc   0x08006edc   0x00000068   Code   RO          510    i.gizPutData        gizwits_protocol.o
    0x08006f44   0x08006f44   0x000000c8   Code   RO          511    i.gizReportData     gizwits_protocol.o
    0x0800700c   0x0800700c   0x00000050   Code   RO          937    i.gizStandardCompressValue  datapointtools.o
    0x0800705c   0x0800705c   0x00000082   Code   RO          938    i.gizStandardDecompressionValue  datapointtools.o
    0x080070de   0x080070de   0x00000002   PAD
    0x080070e0   0x080070e0   0x00000010   Code   RO          393    i.gizTimerMs        gizwits_product.o
    0x080070f0   0x080070f0   0x00000006   Code   RO          941    i.gizX2Y            datapointtools.o
    0x080070f6   0x080070f6   0x00000008   Code   RO          943    i.gizY2X            datapointtools.o
    0x080070fe   0x080070fe   0x00000002   PAD
    0x08007100   0x08007100   0x000001c0   Code   RO          394    i.gizwitsEventProcess  gizwits_product.o
    0x080072c0   0x080072c0   0x0000049c   Code   RO          514    i.gizwitsHandle     gizwits_protocol.o
    0x0800775c   0x0800775c   0x00000060   Code   RO          515    i.gizwitsInit       gizwits_protocol.o
    0x080077bc   0x080077bc   0x00000110   Code   RO          517    i.gizwitsSetMode    gizwits_protocol.o
    0x080078cc   0x080078cc   0x00000034   Code   RO          140    i.key1LongPress     main.o
    0x08007900   0x08007900   0x00000034   Code   RO          141    i.key1ShortPress    main.o
    0x08007934   0x08007934   0x0000003c   Code   RO          142    i.key2LongPress     main.o
    0x08007970   0x08007970   0x00000038   Code   RO          143    i.key2ShortPress    main.o
    0x080079a8   0x080079a8   0x0000007e   Code   RO          680    i.keyHandle         hal_key.o
    0x08007a26   0x08007a26   0x00000002   PAD
    0x08007a28   0x08007a28   0x0000007c   Code   RO          144    i.keyInit           main.o
    0x08007aa4   0x08007aa4   0x00000040   Code   RO          681    i.keyInitOne        hal_key.o
    0x08007ae4   0x08007ae4   0x00000018   Code   RO          682    i.keyParaInit       hal_key.o
    0x08007afc   0x08007afc   0x00000010   Code   RO          738    i.ledDelay          hal_rgb_led.o
    0x08007b0c   0x08007b0c   0x00000034   Code   RO          739    i.ledRgbControl     hal_rgb_led.o
    0x08007b40   0x08007b40   0x00000100   Code   RO          145    i.main              main.o
    0x08007c40   0x08007c40   0x0000000a   Code   RO          395    i.mcuRestart        gizwits_product.o
    0x08007c4a   0x08007c4a   0x00000032   Code   RO         1001    i.rbCanRead         ringbuffer.o
    0x08007c7c   0x08007c7c   0x0000001c   Code   RO         1002    i.rbCanWrite        ringbuffer.o
    0x08007c98   0x08007c98   0x0000000c   Code   RO         1003    i.rbCapacity        ringbuffer.o
    0x08007ca4   0x08007ca4   0x00000012   Code   RO         1004    i.rbCreate          ringbuffer.o
    0x08007cb6   0x08007cb6   0x0000007e   Code   RO         1006    i.rbRead            ringbuffer.o
    0x08007d34   0x08007d34   0x0000008e   Code   RO         1007    i.rbWrite           ringbuffer.o
    0x08007dc2   0x08007dc2   0x00000002   PAD
    0x08007dc4   0x08007dc4   0x00000088   Code   RO          683    i.readKeyValue      hal_key.o
    0x08007e4c   0x08007e4c   0x00000034   Code   RO          740    i.rgbKeyGpioInit    hal_rgb_led.o
    0x08007e80   0x08007e80   0x00000050   Code   RO          741    i.rgbLedInit        hal_rgb_led.o
    0x08007ed0   0x08007ed0   0x00000024   Code   RO          742    i.send32Zero        hal_rgb_led.o
    0x08007ef4   0x08007ef4   0x00000008   Code   RO          743    i.takeAntiCode      hal_rgb_led.o
    0x08007efc   0x08007efc   0x0000000c   Code   RO          396    i.timerInit         gizwits_product.o
    0x08007f08   0x08007f08   0x00000014   Code   RO          397    i.uartInit          gizwits_product.o
    0x08007f1c   0x08007f1c   0x000000b8   Code   RO          398    i.uartWrite         gizwits_product.o
    0x08007fd4   0x08007fd4   0x00000002   Code   RO          399    i.userHandle        gizwits_product.o
    0x08007fd6   0x08007fd6   0x00000002   PAD
    0x08007fd8   0x08007fd8   0x0000001c   Code   RO          400    i.userInit          gizwits_product.o
    0x08007ff4   0x08007ff4   0x00000036   Code   RO          810    i.wFlashData        flash.o
    0x0800802a   0x0800802a   0x00000002   PAD
    0x0800802c   0x0800802c   0x00000050   Code   RO          811    i.writeFlash        flash.o
    0x0800807c   0x0800807c   0x00000010   Data   RO         3156    .constdata          system_stm32f1xx.o
    0x0800808c   0x0800808c   0x00000008   Data   RO         3157    .constdata          system_stm32f1xx.o
    0x08008094   0x08008094   0x00000091   Data   RO          519    .conststring        gizwits_protocol.o
    0x08008125   0x08008125   0x00000003   PAD
    0x08008128   0x08008128   0x00000020   Data   RO         3517    Region$$Table       anon$$obj.o


    Execution Region RW_IRAM1 (Exec base: 0x20000000, Load base: 0x08008148, Size: 0x00003108, Max: 0x00005000, ABSOLUTE)

    Exec Addr    Load Addr    Size         Type   Attr      Idx    E Section Name        Object

    0x20000000   0x08008148   0x00000005   Data   RW          147    .data               main.o
    0x20000005   0x0800814d   0x00000040   Data   RW          341    .data               gagent_md5.o
    0x20000045   0x0800818d   0x00000003   PAD
    0x20000048   0x08008190   0x00000008   Data   RW          402    .data               gizwits_product.o
    0x20000050   0x08008198   0x0000000c   Data   RW          520    .data               gizwits_protocol.o
    0x2000005c   0x080081a4   0x0000000a   Data   RW          684    .data               hal_key.o
    0x20000066   0x080081ae   0x00000002   PAD
    0x20000068   0x080081b0   0x00000008   Data   RW          813    .data               flash.o
    0x20000070   0x080081b8   0x00000004   Data   RW         1304    .data               stm32f1xx_hal.o
    0x20000074   0x080081bc   0x00000004   Data   RW         3158    .data               system_stm32f1xx.o
    0x20000078   0x080081c0   0x00000004   Data   RW         3491    .data               mc_w.l(stdout.o)
    0x2000007c        -       0x000000ea   Zero   RW          146    .bss                main.o
    0x20000166        -       0x0000000d   Zero   RW          401    .bss                gizwits_product.o
    0x20000173   0x080081c4   0x00000001   PAD
    0x20000174        -       0x00000f74   Zero   RW          518    .bss                gizwits_protocol.o
    0x200010e8        -       0x00000020   Zero   RW         1823    .bss                stm32f1xx_hal_flash.o
    0x20001108        -       0x00002000   Zero   RW         3144    STACK               startup_stm32f103xb.o


==============================================================================

Image component sizes


      Code (inc. data)   RO Data    RW Data    ZI Data      Debug   Object Name

       142          0          0          0          0       3099   common.o
       290          0          0          0          0       5305   datapointtools.o
       226         12          0          8          0       4020   flash.o
      2036        268          0         64          0       6628   gagent_md5.o
       836        352          0          8         13      11376   gizwits_product.o
      7368       2884        145         12       3956      24891   gizwits_protocol.o
       438         20          0         10          0       4353   hal_key.o
       404         38          0          0          0       5792   hal_rgb_led.o
       896        268          0          5        234      17822   main.o
       376          0          0          0          0       4594   ringbuffer.o
        36          8        236          0       8192        824   startup_stm32f103xb.o
       104         22          0          4          0       3471   stm32f1xx_hal.o
       264         24          0          0          0      28604   stm32f1xx_hal_cortex.o
       152          4          0          0          0       1231   stm32f1xx_hal_dma.o
       388         46          0          0         32       5230   stm32f1xx_hal_flash.o
       240         26          0          0          0       3501   stm32f1xx_hal_flash_ex.o
       464         36          0          0          0       3763   stm32f1xx_hal_gpio.o
       300         32          0          0          0     441216   stm32f1xx_hal_msp.o
      1296        104          0          0          0       6076   stm32f1xx_hal_rcc.o
       900         14          0          0          0      10335   stm32f1xx_hal_tim.o
        84          0          0          0          0       2586   stm32f1xx_hal_tim_ex.o
      1464         10          0          0          0      10954   stm32f1xx_hal_uart.o
        54         12          0          0          0       5380   stm32f1xx_it.o
        76         20         24          4          0       1347   system_stm32f1xx.o

    ----------------------------------------------------------------------
     18868       4200        440        120      12428     612398   Object Totals
         0          0         32          0          0          0   (incl. Generated)
        34          0          3          5          1          0   (incl. Padding)

    ----------------------------------------------------------------------

      Code (inc. data)   RO Data    RW Data    ZI Data      Debug   Library Member Name

         0          0          0          0          0          0   entry.o
         0          0          0          0          0          0   entry10a.o
         0          0          0          0          0          0   entry11a.o
         8          4          0          0          0          0   entry2.o
         4          0          0          0          0          0   entry5.o
         0          0          0          0          0          0   entry7b.o
         0          0          0          0          0          0   entry8b.o
         8          4          0          0          0          0   entry9a.o
        30          0          0          0          0          0   handlers.o
        36          8          0          0          0         68   init.o
        30          0          0          0          0         68   llshl.o
        32          0          0          0          0         68   llushr.o
        26          0          0          0          0         80   memcmp.o
        36          0          0          0          0         68   memcpya.o
        36          0          0          0          0        108   memseta.o
      1154         54          0          0          0        352   printf8.o
         0          0          0          4          0          0   stdout.o
        98          0          0          0          0         92   uldiv.o

    ----------------------------------------------------------------------
      1500         70          0          4          0        904   Library Totals
         2          0          0          0          0          0   (incl. Padding)

    ----------------------------------------------------------------------

      Code (inc. data)   RO Data    RW Data    ZI Data      Debug   Library Name

      1498         70          0          4          0        904   mc_w.l

    ----------------------------------------------------------------------
      1500         70          0          4          0        904   Library Totals

    ----------------------------------------------------------------------

==============================================================================


      Code (inc. data)   RO Data    RW Data    ZI Data      Debug   

     20368       4270        440        124      12428     604822   Grand Totals
     20368       4270        440        124      12428     604822   ELF Image Totals
     20368       4270        440        124          0          0   ROM Totals

==============================================================================

    Total RO  Size (Code + RO Data)                20808 (  20.32kB)
    Total RW  Size (RW Data + ZI Data)             12552 (  12.26kB)
    Total ROM Size (Code + RO Data + RW Data)      20932 (  20.44kB)

==============================================================================

